Archive member included to satisfy reference by file (symbol)

./libc.a(libc_a-atexit.o)     /usr/lib/gcc/arm-none-eabi/12.2.1/../../../arm-none-eabi/lib/thumb/v7e-m+fp/hard/crt0.o (atexit)
./libc.a(libc_a-exit.o)       /usr/lib/gcc/arm-none-eabi/12.2.1/../../../arm-none-eabi/lib/thumb/v7e-m+fp/hard/crt0.o (exit)
./libc.a(libc_a-malloc.o)     build/Matrix.o (malloc)
./libc.a(libc_a-mallocr.o)    ./libc.a(libc_a-malloc.o) (_malloc_r)
./libc.a(libc_a-mlock.o)      ./libc.a(libc_a-mallocr.o) (__malloc_lock)
./libc.a(libc_a-findfp.o)     ./libc.a(libc_a-exit.o) (__stdio_exit_handler)
./libc.a(libc_a-fwalk.o)      ./libc.a(libc_a-findfp.o) (_fwalk_sglue)
./libc.a(libc_a-sprintf.o)    build/main.o (sprintf)
./libc.a(libc_a-stdio.o)      ./libc.a(libc_a-findfp.o) (__sread)
./libc.a(libc_a-memset.o)     /usr/lib/gcc/arm-none-eabi/12.2.1/../../../arm-none-eabi/lib/thumb/v7e-m+fp/hard/crt0.o (memset)
./libc.a(libc_a-closer.o)     ./libc.a(libc_a-stdio.o) (_close_r)
./libc.a(libc_a-reent.o)      ./libc.a(libc_a-closer.o) (errno)
./libc.a(libc_a-impure.o)     ./libc.a(libc_a-findfp.o) (_impure_data)
./libc.a(libc_a-lseekr.o)     ./libc.a(libc_a-stdio.o) (_lseek_r)
./libc.a(libc_a-readr.o)      ./libc.a(libc_a-stdio.o) (_read_r)
./libc.a(libc_a-sbrkr.o)      ./libc.a(libc_a-mallocr.o) (_sbrk_r)
./libc.a(libc_a-writer.o)     ./libc.a(libc_a-stdio.o) (_write_r)
./libc.a(libc_a-init.o)       /usr/lib/gcc/arm-none-eabi/12.2.1/../../../arm-none-eabi/lib/thumb/v7e-m+fp/hard/crt0.o (__libc_init_array)
./libc.a(libc_a-fini.o)       /usr/lib/gcc/arm-none-eabi/12.2.1/../../../arm-none-eabi/lib/thumb/v7e-m+fp/hard/crt0.o (__libc_fini_array)
./libc.a(libc_a-lock.o)       ./libc.a(libc_a-findfp.o) (__lock___sfp_recursive_mutex)
./libc.a(libc_a-sysconf.o)    ./libc.a(libc_a-mallocr.o) (sysconf)
./libc.a(libc_a-memcpy.o)     build/Matrix.o (memcpy)
./libc.a(libc_a-__atexit.o)   ./libc.a(libc_a-atexit.o) (__register_exitproc)
./libc.a(libc_a-__call_atexit.o)
                              ./libc.a(libc_a-__atexit.o) (__atexit_recursive_mutex)
./libc.a(libc_a-freer.o)      ./libc.a(libc_a-malloc.o) (_free_r)
./libc.a(libc_a-svfprintf.o)  ./libc.a(libc_a-sprintf.o) (_svfprintf_r)
./libc.a(libc_a-fclose.o)     ./libc.a(libc_a-findfp.o) (_fclose_r)
./libc.a(libc_a-fflush.o)     ./libc.a(libc_a-fclose.o) (__sflush_r)
./libc.a(libc_a-localeconv.o)
                              ./libc.a(libc_a-svfprintf.o) (_localeconv_r)
./libc.a(libc_a-errno.o)      ./libc.a(libc_a-sysconf.o) (__errno)
./libc.a(libc_a-memchr.o)     ./libc.a(libc_a-svfprintf.o) (memchr)
./libc.a(libc_a-strlen.o)     ./libc.a(libc_a-svfprintf.o) (strlen)
./libc.a(libc_a-dtoa.o)       ./libc.a(libc_a-svfprintf.o) (_dtoa_r)
./libc.a(libc_a-mprec.o)      ./libc.a(libc_a-dtoa.o) (_Balloc)
./libc.a(libc_a-svfiprintf.o)
                              ./libc.a(libc_a-svfprintf.o) (__ssprint_r)
./libc.a(libc_a-memmove.o)    ./libc.a(libc_a-svfiprintf.o) (memmove)
./libc.a(libc_a-locale.o)     ./libc.a(libc_a-localeconv.o) (__global_locale)
./libc.a(libc_a-strcmp.o)     ./libc.a(libc_a-locale.o) (strcmp)
./libc.a(libc_a-assert.o)     ./libc.a(libc_a-dtoa.o) (__assert_func)
./libc.a(libc_a-callocr.o)    ./libc.a(libc_a-mprec.o) (_calloc_r)
./libc.a(libc_a-mbtowc_r.o)   ./libc.a(libc_a-locale.o) (__ascii_mbtowc)
./libc.a(libc_a-reallocr.o)   ./libc.a(libc_a-svfiprintf.o) (_realloc_r)
./libc.a(libc_a-wctomb_r.o)   ./libc.a(libc_a-locale.o) (__ascii_wctomb)
./libc.a(libc_a-ctype_.o)     ./libc.a(libc_a-locale.o) (_ctype_)
./libc.a(libc_a-fiprintf.o)   ./libc.a(libc_a-assert.o) (fiprintf)
./libc.a(libc_a-vfiprintf.o)  ./libc.a(libc_a-fiprintf.o) (_vfiprintf_r)
./libc.a(libc_a-fvwrite.o)    ./libc.a(libc_a-vfiprintf.o) (__sfvwrite_r)
./libc.a(libc_a-wsetup.o)     ./libc.a(libc_a-vfiprintf.o) (__swsetup_r)
./libc.a(libc_a-fputwc.o)     ./libc.a(libc_a-vfiprintf.o) (_fputwc_r)
./libc.a(libc_a-abort.o)      ./libc.a(libc_a-assert.o) (abort)
./libc.a(libc_a-wcrtomb.o)    ./libc.a(libc_a-fputwc.o) (_wcrtomb_r)
./libc.a(libc_a-makebuf.o)    ./libc.a(libc_a-wsetup.o) (__smakebuf_r)
./libc.a(libc_a-wbuf.o)       ./libc.a(libc_a-fputwc.o) (__swbuf_r)
./libc.a(libc_a-signal.o)     ./libc.a(libc_a-abort.o) (raise)
./libc.a(libc_a-fstatr.o)     ./libc.a(libc_a-makebuf.o) (_fstat_r)
./libc.a(libc_a-isattyr.o)    ./libc.a(libc_a-makebuf.o) (_isatty_r)
./libc.a(libc_a-signalr.o)    ./libc.a(libc_a-signal.o) (_kill_r)
/usr/lib/gcc/arm-none-eabi/12.2.1/thumb/v7e-m+fp/hard/libgcc.a(_arm_muldf3.o)
                              build/IMU.o (__aeabi_dmul)
/usr/lib/gcc/arm-none-eabi/12.2.1/thumb/v7e-m+fp/hard/libgcc.a(_arm_addsubdf3.o)
                              build/IMU.o (__aeabi_dsub)
/usr/lib/gcc/arm-none-eabi/12.2.1/thumb/v7e-m+fp/hard/libgcc.a(_arm_muldivdf3.o)
                              build/IMU.o (__aeabi_ddiv)
/usr/lib/gcc/arm-none-eabi/12.2.1/thumb/v7e-m+fp/hard/libgcc.a(_arm_cmpdf2.o)
                              ./libc.a(libc_a-svfprintf.o) (__aeabi_dcmpeq)
[...]
Memory Configuration

Name             Origin             Length             Attributes
RAM              0x0000000020000000 0x0000000000018000 xrw
FLASH            0x0000000008000000 0x0000000000080000 xr
*default*        0x0000000000000000 0xffffffffffffffff

Linker script and memory map

LOAD /usr/lib/gcc/arm-none-eabi/12.2.1/thumb/v7e-m+fp/hard/crti.o
LOAD /usr/lib/gcc/arm-none-eabi/12.2.1/thumb/v7e-m+fp/hard/crtbegin.o
LOAD /usr/lib/gcc/arm-none-eabi/12.2.1/../../../arm-none-eabi/lib/thumb/v7e-m+fp/hard/crt0.o
LOAD build/BlueTooth.o
LOAD build/HMC5883L.o
LOAD build/IMU.o
LOAD build/LED.o
LOAD build/Matrix.o
LOAD build/Motor.o
LOAD build/MPU6050.o
LOAD build/OLED.o
LOAD build/Receiver.o
LOAD build/Serial.o
LOAD build/misc.o
LOAD build/stm32f4xx_adc.o
LOAD build/stm32f4xx_can.o
LOAD build/stm32f4xx_cec.o
LOAD build/stm32f4xx_crc.o
LOAD build/stm32f4xx_cryp.o
LOAD build/stm32f4xx_cryp_aes.o
LOAD build/stm32f4xx_cryp_des.o
LOAD build/stm32f4xx_cryp_tdes.o
LOAD build/stm32f4xx_dac.o
LOAD build/stm32f4xx_dbgmcu.o
LOAD build/stm32f4xx_dcmi.o
LOAD build/stm32f4xx_dfsdm.o
LOAD build/stm32f4xx_dma.o
LOAD build/stm32f4xx_dma2d.o
LOAD build/stm32f4xx_dsi.o
LOAD build/stm32f4xx_exti.o
LOAD build/stm32f4xx_flash.o
LOAD build/stm32f4xx_flash_ramfunc.o
LOAD build/stm32f4xx_fmpi2c.o
LOAD build/stm32f4xx_gpio.o
LOAD build/stm32f4xx_hash.o
LOAD build/stm32f4xx_hash_md5.o
LOAD build/stm32f4xx_hash_sha1.o
LOAD build/stm32f4xx_i2c.o
LOAD build/stm32f4xx_iwdg.o
LOAD build/stm32f4xx_lptim.o
LOAD build/stm32f4xx_ltdc.o
LOAD build/stm32f4xx_pwr.o
LOAD build/stm32f4xx_qspi.o
LOAD build/stm32f4xx_rcc.o
LOAD build/stm32f4xx_rng.o
LOAD build/stm32f4xx_rtc.o
LOAD build/stm32f4xx_sai.o
LOAD build/stm32f4xx_sdio.o
LOAD build/stm32f4xx_spdifrx.o
LOAD build/stm32f4xx_spi.o
LOAD build/stm32f4xx_syscfg.o
LOAD build/stm32f4xx_tim.o
LOAD build/stm32f4xx_usart.o
LOAD build/stm32f4xx_wwdg.o
LOAD build/system_stm32f4xx.o
LOAD build/delay.o
LOAD build/i2c.o
LOAD build/i2c_soft.o
LOAD build/sys.o
LOAD build/sysTick.o
LOAD build/undef.o
LOAD build/usart.o
LOAD build/main.o
LOAD build/stm32f4xx_it.o
LOAD build/startup_stm32f401xe.o
LOAD ./libc.a
START GROUP
LOAD /usr/lib/gcc/arm-none-eabi/12.2.1/thumb/v7e-m+fp/hard/libgcc.a
LOAD ./libc.a
END GROUP
LOAD /usr/lib/gcc/arm-none-eabi/12.2.1/thumb/v7e-m+fp/hard/crtend.o
LOAD /usr/lib/gcc/arm-none-eabi/12.2.1/thumb/v7e-m+fp/hard/crtn.o
                0x0000000020018000                _estack = (ORIGIN (RAM) + LENGTH (RAM))
                0x0000000000004000                _Min_Heap_Size = 0x4000
                0x0000000000004000                _Min_Stack_Size = 0x4000

.isr_vector     0x0000000008000000      0x194
                0x0000000008000000                . = ALIGN (0x4)
 *(.isr_vector)
 .isr_vector    0x0000000008000000      0x194 build/startup_stm32f401xe.o
                0x0000000008000000                g_pfnVectors
                0x0000000008000194                . = ALIGN (0x4)

.text           0x0000000008000198     0x6778
                0x0000000008000198                . = ALIGN (0x4)
 *(.text)
 .text          0x0000000008000198       0x88 /usr/lib/gcc/arm-none-eabi/12.2.1/thumb/v7e-m+fp/hard/crtbegin.o
 .text          0x0000000008000220       0x1e ./libc.a(libc_a-atexit.o)
                0x0000000008000220                atexit
 *fill*         0x000000000800023e        0x2 
 .text          0x0000000008000240       0x74 ./libc.a(libc_a-init.o)
                0x0000000008000240                __libc_init_array
 .text          0x00000000080002b4       0x44 ./libc.a(libc_a-fini.o)
                0x00000000080002b4                __libc_fini_array
 .text          0x00000000080002f8       0xcc ./libc.a(libc_a-lock.o)
                0x00000000080002f8                __retarget_lock_init
                0x000000000800030c                __retarget_lock_init_recursive
                0x0000000008000320                __retarget_lock_close
                0x0000000008000334                __retarget_lock_close_recursive
                0x0000000008000348                __retarget_lock_acquire
                0x000000000800035c                __retarget_lock_acquire_recursive
                0x0000000008000370                __retarget_lock_try_acquire
                0x0000000008000386                __retarget_lock_try_acquire_recursive
                0x000000000800039c                __retarget_lock_release
                0x00000000080003b0                __retarget_lock_release_recursive
 .text          0x00000000080003c4       0xc0 ./libc.a(libc_a-__atexit.o)
                0x00000000080003c4                __register_exitproc
 .text          0x0000000008000484      0x104 ./libc.a(libc_a-__call_atexit.o)
                0x00000000080004a0                __call_exitprocs
 .text          0x0000000008000588       0x18 ./libc.a(libc_a-errno.o)
                0x0000000008000588                __errno
 .text          0x00000000080005a0      0x378 /usr/lib/gcc/arm-none-eabi/12.2.1/thumb/v7e-m+fp/hard/libgcc.a(_arm_addsubdf3.o)
                0x00000000080005a0                __aeabi_drsub
                0x00000000080005a8                __aeabi_dsub
                0x00000000080005a8                __subdf3
                0x00000000080005ac                __adddf3
                0x00000000080005ac                __aeabi_dadd
                0x0000000008000824                __aeabi_ui2d
                0x0000000008000824                __floatunsidf
                0x0000000008000844                __floatsidf
                0x0000000008000844                __aeabi_i2d
                0x0000000008000868                __extendsfdf2
                0x0000000008000868                __aeabi_f2d
                0x00000000080008ac                __aeabi_ul2d
                0x00000000080008ac                __floatundidf
                0x00000000080008bc                __floatdidf
                0x00000000080008bc                __aeabi_l2d
 .text          0x0000000008000918      0x424 /usr/lib/gcc/arm-none-eabi/12.2.1/thumb/v7e-m+fp/hard/libgcc.a(_arm_muldivdf3.o)
                0x0000000008000918                __aeabi_dmul
                0x0000000008000918                __muldf3
                0x0000000008000b6c                __aeabi_ddiv
                0x0000000008000b6c                __divdf3
 .text          0x0000000008000d3c      0x110 /usr/lib/gcc/arm-none-eabi/12.2.1/thumb/v7e-m+fp/hard/libgcc.a(_arm_cmpdf2.o)
                0x0000000008000d3c                __gtdf2
                0x0000000008000d3c                __gedf2
                0x0000000008000d44                __ltdf2
                0x0000000008000d44                __ledf2
                0x0000000008000d4c                __cmpdf2
                0x0000000008000d4c                __eqdf2
                0x0000000008000d4c                __nedf2
                0x0000000008000dc8                __aeabi_cdrcmple
                0x0000000008000dd8                __aeabi_cdcmple
                0x0000000008000dd8                __aeabi_cdcmpeq
                0x0000000008000de8                __aeabi_dcmpeq
                0x0000000008000dfc                __aeabi_dcmplt
                0x0000000008000e10                __aeabi_dcmple
                0x0000000008000e24                __aeabi_dcmpge
                0x0000000008000e38                __aeabi_dcmpgt
 .text          0x0000000008000e4c       0x2c /usr/lib/gcc/arm-none-eabi/12.2.1/thumb/v7e-m+fp/hard/libgcc.a(_arm_unorddf2.o)
                0x0000000008000e4c                __aeabi_dcmpun
                0x0000000008000e4c                __unorddf2
 .text          0x0000000008000e78       0x50 /usr/lib/gcc/arm-none-eabi/12.2.1/thumb/v7e-m+fp/hard/libgcc.a(_arm_fixdfsi.o)
                0x0000000008000e78                __fixdfsi
                0x0000000008000e78                __aeabi_d2iz
 .text          0x0000000008000ec8       0xa0 /usr/lib/gcc/arm-none-eabi/12.2.1/thumb/v7e-m+fp/hard/libgcc.a(_arm_truncdfsf2.o)
                0x0000000008000ec8                __aeabi_d2f
                0x0000000008000ec8                __truncdfsf2
 .text          0x0000000008000f68       0x80 libm.a(libm_a-w_asin.o)
                0x0000000008000f68                asin
 .text          0x0000000008000fe8      0x14c libm.a(libm_a-w_pow.o)
                0x0000000008000fe8                pow
 .text          0x0000000008001134       0x7e libm.a(libm_a-w_sqrt.o)
                0x0000000008001134                sqrt
 *fill*         0x00000000080011b2        0x6 
 .text          0x00000000080011b8      0x504 libm.a(libm_a-s_atan.o)
                0x00000000080011b8                atan
 .text          0x00000000080016bc       0x48 libm.a(libm_a-s_fabs.o)
                0x00000000080016bc                fabs
 .text          0x0000000008001704       0x32 libm.a(libm_a-s_finite.o)
                0x0000000008001704                finite
 *fill*         0x0000000008001736        0x2 
 .text          0x0000000008001738       0x30 libm.a(libm_a-s_nan.o)
                0x0000000008001738                nan
 .text          0x0000000008001768      0x358 libm.a(libm_a-e_sqrt.o)
                0x0000000008001768                __ieee754_sqrt
 .text          0x0000000008001ac0      0x6d0 libm.a(libm_a-e_asin.o)
                0x0000000008001ac0                __ieee754_asin
 .text          0x0000000008002190     0x1360 libm.a(libm_a-e_pow.o)
                0x0000000008002204                __ieee754_pow
 .text          0x00000000080034f0      0x1dc libm.a(libm_a-s_scalbn.o)
                0x00000000080034f0                scalbn
 *fill*         0x00000000080036cc        0x4 
 .text          0x00000000080036d0      0x2d4 libm.a(libm_a-math_err.o)
                0x000000000800377c                __math_uflow
                0x00000000080037b0                __math_may_uflow
                0x00000000080037e0                __math_oflow
                0x0000000008003810                __math_divzero
                0x0000000008003870                __math_invalid
                0x00000000080038e6                __math_check_uflow
                0x000000000800392c                __math_check_oflow
 .text          0x00000000080039a4       0x60 libm.a(libm_a-s_copysign.o)
                0x00000000080039a4                copysign
 *(.text*)
 .text.HMC5883L_Init
                0x0000000008003a04       0x30 build/HMC5883L.o
                0x0000000008003a04                HMC5883L_Init
 .text.HMC5883L_SendData
                0x0000000008003a34       0x5a build/HMC5883L.o
                0x0000000008003a34                HMC5883L_SendData
 .text.HMC588CL_ReadData
                0x0000000008003a8e       0xe8 build/HMC5883L.o
                0x0000000008003a8e                HMC588CL_ReadData
 .text.HMC5883L_Status
                0x0000000008003b76       0x5e build/HMC5883L.o
                0x0000000008003b76                HMC5883L_Status
 *fill*         0x0000000008003bd4        0x4 
 .text.CalAngle
                0x0000000008003bd8     0x138c build/IMU.o
                0x0000000008003bd8                CalAngle
 .text.Motor_Init
                0x0000000008004f64      0x100 build/Motor.o
                0x0000000008004f64                Motor_Init
 .text.MPU6050_Init
                0x0000000008005064       0x38 build/MPU6050.o
                0x0000000008005064                MPU6050_Init
 .text.MPU6050_SendByte
                0x000000000800509c       0x5a build/MPU6050.o
                0x000000000800509c                MPU6050_SendByte
 .text.MPU6050_READ
                0x00000000080050f6       0x60 build/MPU6050.o
                0x00000000080050f6                MPU6050_READ
 .text.MPU6050_ReadBuffer
                0x0000000008005156       0x9a build/MPU6050.o
                0x0000000008005156                MPU6050_ReadBuffer
 .text.My_Receiver_Init
                0x00000000080051f0      0x10c build/Receiver.o
                0x00000000080051f0                My_Receiver_Init
 .text.TIM1_CC_IRQHandler
                0x00000000080052fc       0x38 build/Receiver.o
                0x00000000080052fc                TIM1_CC_IRQHandler
 .text.TIM1_UP_TIM10_IRQHandler
                0x0000000008005334       0x34 build/Receiver.o
                0x0000000008005334                TIM1_UP_TIM10_IRQHandler
 .text.uart_init
                0x0000000008005368       0x7c build/Serial.o
                0x0000000008005368                uart_init
 .text.PoseData_Init
                0x00000000080053e4       0x30 build/Serial.o
                0x00000000080053e4                PoseData_Init
 *fill*         0x0000000008005414        0x4 
 .text.Send_Elua
                0x0000000008005418      0x144 build/Serial.o
                0x0000000008005418                Send_Elua
 .text.MY_UART_Send
                0x000000000800555c       0x4c build/Serial.o
                0x000000000800555c                MY_UART_Send
 .text.NVIC_PriorityGroupConfig
                0x00000000080055a8       0x28 build/misc.o
                0x00000000080055a8                NVIC_PriorityGroupConfig
 .text.GPIO_Init
                0x00000000080055d0      0x11e build/stm32f4xx_gpio.o
                0x00000000080055d0                GPIO_Init
 .text.GPIO_ReadInputDataBit
                0x00000000080056ee       0x34 build/stm32f4xx_gpio.o
                0x00000000080056ee                GPIO_ReadInputDataBit
 .text.GPIO_PinAFConfig
                0x0000000008005722       0x92 build/stm32f4xx_gpio.o
                0x0000000008005722                GPIO_PinAFConfig
 .text.RCC_GetClocksFreq
                0x00000000080057b4      0x15c build/stm32f4xx_rcc.o
                0x00000000080057b4                RCC_GetClocksFreq
 .text.RCC_AHB1PeriphClockCmd
                0x0000000008005910       0x40 build/stm32f4xx_rcc.o
                0x0000000008005910                RCC_AHB1PeriphClockCmd
 .text.RCC_APB1PeriphClockCmd
                0x0000000008005950       0x40 build/stm32f4xx_rcc.o
                0x0000000008005950                RCC_APB1PeriphClockCmd
 .text.RCC_APB2PeriphClockCmd
                0x0000000008005990       0x40 build/stm32f4xx_rcc.o
                0x0000000008005990                RCC_APB2PeriphClockCmd
 .text.TIM_TimeBaseInit
                0x00000000080059d0       0xd8 build/stm32f4xx_tim.o
                0x00000000080059d0                TIM_TimeBaseInit
 .text.TIM_ARRPreloadConfig
                0x0000000008005aa8       0x40 build/stm32f4xx_tim.o
                0x0000000008005aa8                TIM_ARRPreloadConfig
 .text.TIM_Cmd  0x0000000008005ae8       0x40 build/stm32f4xx_tim.o
                0x0000000008005ae8                TIM_Cmd
 .text.TIM_OC1Init
                0x0000000008005b28       0xf4 build/stm32f4xx_tim.o
                0x0000000008005b28                TIM_OC1Init
 .text.TIM_OC2Init
                0x0000000008005c1c      0x110 build/stm32f4xx_tim.o
                0x0000000008005c1c                TIM_OC2Init
 .text.TIM_OC3Init
                0x0000000008005d2c      0x10c build/stm32f4xx_tim.o
                0x0000000008005d2c                TIM_OC3Init
 .text.TIM_OC4Init
                0x0000000008005e38       0xd0 build/stm32f4xx_tim.o
                0x0000000008005e38                TIM_OC4Init
 .text.TIM_OCStructInit
                0x0000000008005f08       0x44 build/stm32f4xx_tim.o
                0x0000000008005f08                TIM_OCStructInit
 .text.TIM_OC1PreloadConfig
                0x0000000008005f4c       0x38 build/stm32f4xx_tim.o
                0x0000000008005f4c                TIM_OC1PreloadConfig
 .text.TIM_OC2PreloadConfig
                0x0000000008005f84       0x3c build/stm32f4xx_tim.o
                0x0000000008005f84                TIM_OC2PreloadConfig
 .text.TIM_OC3PreloadConfig
                0x0000000008005fc0       0x38 build/stm32f4xx_tim.o
                0x0000000008005fc0                TIM_OC3PreloadConfig
 .text.TIM_OC4PreloadConfig
                0x0000000008005ff8       0x3c build/stm32f4xx_tim.o
                0x0000000008005ff8                TIM_OC4PreloadConfig
 .text.USART_Init
                0x0000000008006034      0x178 build/stm32f4xx_usart.o
                0x0000000008006034                USART_Init
 .text.USART_Cmd
                0x00000000080061ac       0x40 build/stm32f4xx_usart.o
                0x00000000080061ac                USART_Cmd
 .text.SystemInit
                0x00000000080061ec       0x78 build/system_stm32f4xx.o
                0x00000000080061ec                SystemInit
 .text.Delay_us
                0x0000000008006264       0x58 build/delay.o
                0x0000000008006264                Delay_us
 .text.Delay_ms
                0x00000000080062bc       0x26 build/delay.o
                0x00000000080062bc                Delay_ms
 *fill*         0x00000000080062e2        0x2 
 .text.SDA_Input_Mode
                0x00000000080062e4       0x30 build/i2c_soft.o
                0x00000000080062e4                SDA_Input_Mode
 .text.SDA_Output_Mode
                0x0000000008006314       0x38 build/i2c_soft.o
                0x0000000008006314                SDA_Output_Mode
 .text.SDA_Output
                0x000000000800634c       0x3c build/i2c_soft.o
                0x000000000800634c                SDA_Output
 .text.SCL_Output
                0x0000000008006388       0x3c build/i2c_soft.o
                0x0000000008006388                SCL_Output
 .text.SDA_Input
                0x00000000080063c4       0x24 build/i2c_soft.o
                0x00000000080063c4                SDA_Input
 .text.delay1   0x00000000080063e8       0x2a build/i2c_soft.o
 .text.I2CStart
                0x0000000008006412       0x3c build/i2c_soft.o
                0x0000000008006412                I2CStart
 .text.I2CStop  0x000000000800644e       0x3c build/i2c_soft.o
                0x000000000800644e                I2CStop
 .text.I2CWaitAck
                0x000000000800648a       0x60 build/i2c_soft.o
                0x000000000800648a                I2CWaitAck
 .text.I2CSendAck
                0x00000000080064ea       0x3c build/i2c_soft.o
                0x00000000080064ea                I2CSendAck
 .text.I2CSendNotAck
                0x0000000008006526       0x32 build/i2c_soft.o
                0x0000000008006526                I2CSendNotAck
 .text.I2CSendByte
                0x0000000008006558       0x6c build/i2c_soft.o
                0x0000000008006558                I2CSendByte
 .text.I2CReceiveByte
                0x00000000080065c4       0x6a build/i2c_soft.o
                0x00000000080065c4                I2CReceiveByte
 *fill*         0x000000000800662e        0x2 
 .text.I2CInit  0x0000000008006630       0x40 build/i2c_soft.o
                0x0000000008006630                I2CInit
 .text.main     0x0000000008006670      0x100 build/main.o
                0x0000000008006670                main
 .text.get_MPU6050err
                0x0000000008006770       0xe0 build/main.o
                0x0000000008006770                get_MPU6050err
 .text.NMI_Handler
                0x0000000008006850        0xe build/stm32f4xx_it.o
                0x0000000008006850                NMI_Handler
 .text.HardFault_Handler
                0x000000000800685e        0x8 build/stm32f4xx_it.o
                0x000000000800685e                HardFault_Handler
 .text.MemManage_Handler
                0x0000000008006866        0x8 build/stm32f4xx_it.o
                0x0000000008006866                MemManage_Handler
 .text.BusFault_Handler
                0x000000000800686e        0x8 build/stm32f4xx_it.o
                0x000000000800686e                BusFault_Handler
 .text.UsageFault_Handler
                0x0000000008006876        0x8 build/stm32f4xx_it.o
                0x0000000008006876                UsageFault_Handler
 .text.SVC_Handler
                0x000000000800687e        0xe build/stm32f4xx_it.o
                0x000000000800687e                SVC_Handler
 .text.DebugMon_Handler
                0x000000000800688c        0xe build/stm32f4xx_it.o
                0x000000000800688c                DebugMon_Handler
 .text.SysTick_Handler
                0x000000000800689a        0xe build/stm32f4xx_it.o
                0x000000000800689a                SysTick_Handler
 .text.Reset_Handler
                0x00000000080068a8       0x4c build/startup_stm32f401xe.o
                0x00000000080068a8                Reset_Handler
 .text.Default_Handler
                0x00000000080068f4        0x2 build/startup_stm32f401xe.o
                0x00000000080068f4                RTC_Alarm_IRQHandler
                0x00000000080068f4                EXTI2_IRQHandler
                0x00000000080068f4                SPI4_IRQHandler
                0x00000000080068f4                DMA2_Stream5_IRQHandler
                0x00000000080068f4                DMA1_Stream5_IRQHandler
                0x00000000080068f4                PVD_IRQHandler
                0x00000000080068f4                SDIO_IRQHandler
                0x00000000080068f4                TAMP_STAMP_IRQHandler
                0x00000000080068f4                PendSV_Handler
                0x00000000080068f4                EXTI3_IRQHandler
                0x00000000080068f4                I2C3_ER_IRQHandler
                0x00000000080068f4                EXTI0_IRQHandler
                0x00000000080068f4                I2C2_EV_IRQHandler
                0x00000000080068f4                DMA1_Stream2_IRQHandler
                0x00000000080068f4                FPU_IRQHandler
                0x00000000080068f4                DMA2_Stream2_IRQHandler
                0x00000000080068f4                SPI1_IRQHandler
                0x00000000080068f4                TIM1_BRK_TIM9_IRQHandler
                0x00000000080068f4                DMA2_Stream3_IRQHandler
                0x00000000080068f4                USART6_IRQHandler
                0x00000000080068f4                DMA2_Stream0_IRQHandler
                0x00000000080068f4                TIM4_IRQHandler
                0x00000000080068f4                I2C1_EV_IRQHandler
                0x00000000080068f4                DMA1_Stream6_IRQHandler
                0x00000000080068f4                DMA1_Stream1_IRQHandler
                0x00000000080068f4                TIM3_IRQHandler
                0x00000000080068f4                RCC_IRQHandler
                0x00000000080068f4                Default_Handler
                0x00000000080068f4                EXTI15_10_IRQHandler
                0x00000000080068f4                ADC_IRQHandler
                0x00000000080068f4                DMA1_Stream7_IRQHandler
                0x00000000080068f4                TIM5_IRQHandler
                0x00000000080068f4                DMA2_Stream7_IRQHandler
                0x00000000080068f4                I2C3_EV_IRQHandler
                0x00000000080068f4                EXTI9_5_IRQHandler
                0x00000000080068f4                RTC_WKUP_IRQHandler
                0x00000000080068f4                SPI2_IRQHandler
                0x00000000080068f4                DMA1_Stream0_IRQHandler
                0x00000000080068f4                EXTI4_IRQHandler
                0x00000000080068f4                WWDG_IRQHandler
                0x00000000080068f4                TIM2_IRQHandler
                0x00000000080068f4                OTG_FS_WKUP_IRQHandler
                0x00000000080068f4                TIM1_TRG_COM_TIM11_IRQHandler
                0x00000000080068f4                EXTI1_IRQHandler
                0x00000000080068f4                USART2_IRQHandler
                0x00000000080068f4                I2C2_ER_IRQHandler
                0x00000000080068f4                DMA2_Stream1_IRQHandler
                0x00000000080068f4                FLASH_IRQHandler
                0x00000000080068f4                DMA2_Stream4_IRQHandler
                0x00000000080068f4                USART1_IRQHandler
                0x00000000080068f4                OTG_FS_IRQHandler
                0x00000000080068f4                SPI3_IRQHandler
                0x00000000080068f4                DMA1_Stream4_IRQHandler
                0x00000000080068f4                I2C1_ER_IRQHandler
                0x00000000080068f4                DMA2_Stream6_IRQHandler
                0x00000000080068f4                DMA1_Stream3_IRQHandler
 *(.glue_7)
 .glue_7        0x00000000080068f6        0x0 linker stubs
 *(.glue_7t)
 .glue_7t       0x00000000080068f6        0x0 linker stubs
 *(.eh_frame)
 *fill*         0x00000000080068f6        0x2 
 .eh_frame      0x00000000080068f8        0x0 /usr/lib/gcc/arm-none-eabi/12.2.1/thumb/v7e-m+fp/hard/crtbegin.o
 *(.init)
 .init          0x00000000080068f8        0x4 /usr/lib/gcc/arm-none-eabi/12.2.1/thumb/v7e-m+fp/hard/crti.o
                0x00000000080068f8                _init
 .init          0x00000000080068fc        0x8 /usr/lib/gcc/arm-none-eabi/12.2.1/thumb/v7e-m+fp/hard/crtn.o
 *(.fini)
 .fini          0x0000000008006904        0x4 /usr/lib/gcc/arm-none-eabi/12.2.1/thumb/v7e-m+fp/hard/crti.o
                0x0000000008006904                _fini
 .fini          0x0000000008006908        0x8 /usr/lib/gcc/arm-none-eabi/12.2.1/thumb/v7e-m+fp/hard/crtn.o
                0x0000000008006910                . = ALIGN (0x4)
                0x0000000008006910                _etext = .

.vfp11_veneer   0x0000000008006910        0x0
 .vfp11_veneer  0x0000000008006910        0x0 linker stubs

.v4_bx          0x0000000008006910        0x0
 .v4_bx         0x0000000008006910        0x0 linker stubs

.iplt           0x0000000008006910        0x0
 .iplt          0x0000000008006910        0x0 /usr/lib/gcc/arm-none-eabi/12.2.1/thumb/v7e-m+fp/hard/crtbegin.o

.rodata         0x0000000008006910      0x1a8
                0x0000000008006910                . = ALIGN (0x4)
 *(.rodata)
 .rodata        0x0000000008006910        0x1 libm.a(libm_a-w_asin.o)
 *fill*         0x0000000008006911        0x7 
 .rodata        0x0000000008006918       0xa8 libm.a(libm_a-s_atan.o)
 .rodata        0x00000000080069c0       0xf8 libm.a(libm_a-e_pow.o)
 *(.rodata*)
                0x0000000008006ab8                . = ALIGN (0x4)

.rel.dyn        0x0000000008006ab8        0x0
 .rel.iplt      0x0000000008006ab8        0x0 /usr/lib/gcc/arm-none-eabi/12.2.1/thumb/v7e-m+fp/hard/crtbegin.o

.ARM.extab
 *(.ARM.extab* .gnu.linkonce.armextab.*)

.ARM            0x0000000008006ab8        0x0
                0x0000000008006ab8                __exidx_start = .
 *(.ARM.exidx*)
                0x0000000008006ab8                __exidx_end = .

.preinit_array  0x0000000008006ab8        0x0
                0x0000000008006ab8                PROVIDE (__preinit_array_start = .)
 *(.preinit_array*)
                0x0000000008006ab8                PROVIDE (__preinit_array_end = .)

.init_array     0x0000000008006ab8        0x8
                0x0000000008006ab8                PROVIDE (__init_array_start = .)
 *(SORT_BY_NAME(.init_array.*))
 .init_array.00000
                0x0000000008006ab8        0x4 ./libc.a(libc_a-__call_atexit.o)
 *(.init_array*)
 .init_array    0x0000000008006abc        0x4 /usr/lib/gcc/arm-none-eabi/12.2.1/thumb/v7e-m+fp/hard/crtbegin.o
                0x0000000008006ac0                PROVIDE (__init_array_end = .)

.fini_array     0x0000000008006ac0        0x4
                0x0000000008006ac0                PROVIDE (__fini_array_start = .)
 *(SORT_BY_NAME(.fini_array.*))
 *(.fini_array*)
 .fini_array    0x0000000008006ac0        0x4 /usr/lib/gcc/arm-none-eabi/12.2.1/thumb/v7e-m+fp/hard/crtbegin.o
                0x0000000008006ac4                PROVIDE (__fini_array_end = .)
                0x0000000008006ac4                _sidata = LOADADDR (.data)

.data           0x0000000020000000      0x160 load address 0x0000000008006ac4
                0x0000000020000000                . = ALIGN (0x4)
                0x0000000020000000                _sdata = .
 *(.data)
 .data          0x0000000020000000      0x124 ./libc.a(libc_a-impure.o)
                0x0000000020000000                _impure_data
                0x0000000020000120                _impure_ptr
 .data          0x0000000020000124        0x4 ./libc.a(libc_a-__call_atexit.o)
                0x0000000020000124                __atexit_recursive_mutex
 .data          0x0000000020000128       0x10 libm.a(libm_a-e_sqrt.o)
 *(.data*)
 .data.QNum     0x0000000020000138       0x10 build/IMU.o
                0x0000000020000138                QNum
 .data.TIM1_CapPri
                0x0000000020000148        0x1 build/Receiver.o
                0x0000000020000148                TIM1_CapPri
 .data.TIM1_UpdPri
                0x0000000020000149        0x1 build/Receiver.o
                0x0000000020000149                TIM1_UpdPri
 *fill*         0x000000002000014a        0x2 
 .data.APBAHBPrescTable
                0x000000002000014c       0x10 build/stm32f4xx_rcc.o
 .data.times    0x000000002000015c        0x4 build/main.o
                0x000000002000015c                times
                0x0000000020000160                . = ALIGN (0x4)
                0x0000000020000160                _edata = .

.tm_clone_table
                0x0000000020000160        0x0 load address 0x0000000008006c24
 .tm_clone_table
                0x0000000020000160        0x0 /usr/lib/gcc/arm-none-eabi/12.2.1/thumb/v7e-m+fp/hard/crtbegin.o
 .tm_clone_table
                0x0000000020000160        0x0 /usr/lib/gcc/arm-none-eabi/12.2.1/thumb/v7e-m+fp/hard/crtend.o

.igot.plt       0x0000000020000160        0x0 load address 0x0000000008006c24
 .igot.plt      0x0000000020000160        0x0 /usr/lib/gcc/arm-none-eabi/12.2.1/thumb/v7e-m+fp/hard/crtbegin.o
                0x0000000020000160                . = ALIGN (0x4)

.bss            0x0000000020000160      0x39c load address 0x0000000008006c24
                0x0000000020000160                _sbss = .
                0x0000000020000160                __bss_start__ = _sbss
 *(.bss)
 .bss           0x0000000020000160       0x1c /usr/lib/gcc/arm-none-eabi/12.2.1/thumb/v7e-m+fp/hard/crtbegin.o
 .bss           0x000000002000017c      0x190 ./libc.a(libc_a-__atexit.o)
                0x000000002000017c                __atexit0
 .bss           0x000000002000030c        0x4 ./libc.a(libc_a-__call_atexit.o)
                0x000000002000030c                __atexit
 *(.bss*)
 .bss.HMC5883L_data
                0x0000000020000310        0x6 build/HMC5883L.o
                0x0000000020000310                HMC5883L_data
 *fill*         0x0000000020000316        0x2 
 .bss.Rx        0x0000000020000318        0x4 build/HMC5883L.o
                0x0000000020000318                Rx
 .bss.Ry        0x000000002000031c        0x4 build/HMC5883L.o
                0x000000002000031c                Ry
 .bss.Rz        0x0000000020000320        0x4 build/HMC5883L.o
                0x0000000020000320                Rz
 .bss.Ox        0x0000000020000324        0x4 build/HMC5883L.o
                0x0000000020000324                Ox
 .bss.Oy        0x0000000020000328        0x4 build/HMC5883L.o
                0x0000000020000328                Oy
 .bss.Oz        0x000000002000032c        0x4 build/HMC5883L.o
                0x000000002000032c                Oz
 .bss.angle     0x0000000020000330        0xc build/IMU.o
                0x0000000020000330                angle
 .bss.e0        0x000000002000033c        0x4 build/IMU.o
                0x000000002000033c                e0
 .bss.e1        0x0000000020000340        0x4 build/IMU.o
                0x0000000020000340                e1
 .bss.e2        0x0000000020000344        0x4 build/IMU.o
                0x0000000020000344                e2
 .bss.e3        0x0000000020000348        0x4 build/IMU.o
                0x0000000020000348                e3
 .bss.Gyro_Xerr
                0x000000002000034c        0x4 build/IMU.o
                0x000000002000034c                Gyro_Xerr
 .bss.Gyro_Yerr
                0x0000000020000350        0x4 build/IMU.o
                0x0000000020000350                Gyro_Yerr
 .bss.Gyro_Zerr
                0x0000000020000354        0x4 build/IMU.o
                0x0000000020000354                Gyro_Zerr
 .bss.MPU6050_data
                0x0000000020000358        0xe build/MPU6050.o
                0x0000000020000358                MPU6050_data
 *fill*         0x0000000020000366        0x2 
 .bss.PPM_Data  0x0000000020000368       0x12 build/Receiver.o
                0x0000000020000368                PPM_Data
 *fill*         0x000000002000037a        0x2 
 .bss.ppm_idx   0x000000002000037c        0x4 build/Receiver.o
                0x000000002000037c                ppm_idx
 .bss.Frame     0x0000000020000380        0xd build/Serial.o
                0x0000000020000380                Frame
 *fill*         0x000000002000038d        0x3 
 .bss.betime    0x0000000020000390        0x4 build/main.o
                0x0000000020000390                betime
 .bss.aftime    0x0000000020000394        0x4 build/main.o
                0x0000000020000394                aftime
 .bss.betick    0x0000000020000398        0x4 build/main.o
                0x0000000020000398                betick
 .bss.aftick    0x000000002000039c        0x4 build/main.o
                0x000000002000039c                aftick
 *(COMMON)
 COMMON         0x00000000200003a0      0x13c ./libc.a(libc_a-findfp.o)
                0x00000000200003a0                __stdio_exit_handler
                0x00000000200003a4                __sf
 COMMON         0x00000000200004dc       0x1d ./libc.a(libc_a-lock.o)
                0x00000000200004dc                __lock___atexit_recursive_mutex
                0x00000000200004e0                __lock___arc4random_mutex
                0x00000000200004e4                __lock___env_recursive_mutex
                0x00000000200004e8                __lock___malloc_recursive_mutex
                0x00000000200004ec                __lock___at_quick_exit_mutex
                0x00000000200004f0                __lock___dd_hash_mutex
                0x00000000200004f4                __lock___tz_mutex
                0x00000000200004f8                __lock___sfp_recursive_mutex
                0x00000000200004fc                . = ALIGN (0x4)
 *fill*         0x00000000200004f9        0x3 
                0x00000000200004fc                _ebss = .
                0x00000000200004fc                __bss_end__ = _ebss

._user_heap_stack
                0x00000000200004fc     0x8004 load address 0x0000000008006c24
                0x0000000020000500                . = ALIGN (0x8)
 *fill*         0x00000000200004fc        0x4 
                [!provide]                        PROVIDE (end = .)
                0x0000000020000500                PROVIDE (_end = .)
                0x0000000020004500                . = (. + _Min_Heap_Size)
 *fill*         0x0000000020000500     0x4000 
                0x0000000020008500                . = (. + _Min_Stack_Size)
 *fill*         0x0000000020004500     0x4000 
                0x0000000020008500                . = ALIGN (0x8)

/DISCARD/
 libc.a(*)
 libm.a(*)
 libgcc.a(*)

.ARM.attributes
                0x0000000000000000       0x30
 *(.ARM.attributes)
 .ARM.attributes
                0x0000000000000000       0x22 /usr/lib/gcc/arm-none-eabi/12.2.1/thumb/v7e-m+fp/hard/crti.o
 .ARM.attributes
                0x0000000000000022       0x34 /usr/lib/gcc/arm-none-eabi/12.2.1/thumb/v7e-m+fp/hard/crtbegin.o
 .ARM.attributes
                0x0000000000000056       0x34 build/HMC5883L.o
 .ARM.attributes
                0x000000000000008a       0x34 build/IMU.o
 .ARM.attributes
                0x00000000000000be       0x34 build/Motor.o
 .ARM.attributes
                0x00000000000000f2       0x34 build/MPU6050.o
 .ARM.attributes
                0x0000000000000126       0x34 build/Receiver.o
 .ARM.attributes
                0x000000000000015a       0x34 build/Serial.o
 .ARM.attributes
                0x000000000000018e       0x34 build/misc.o
 .ARM.attributes
                0x00000000000001c2       0x34 build/stm32f4xx_gpio.o
 .ARM.attributes
                0x00000000000001f6       0x34 build/stm32f4xx_rcc.o
 .ARM.attributes
                0x000000000000022a       0x34 build/stm32f4xx_tim.o
 .ARM.attributes
                0x000000000000025e       0x34 build/stm32f4xx_usart.o
 .ARM.attributes
                0x0000000000000292       0x34 build/system_stm32f4xx.o
 .ARM.attributes
                0x00000000000002c6       0x34 build/delay.o
 .ARM.attributes
                0x00000000000002fa       0x34 build/i2c_soft.o
 .ARM.attributes
                0x000000000000032e       0x34 build/main.o
 .ARM.attributes
                0x0000000000000362       0x34 build/stm32f4xx_it.o
 .ARM.attributes
                0x0000000000000396       0x21 build/startup_stm32f401xe.o
 .ARM.attributes
                0x00000000000003b7       0x34 ./libc.a(libc_a-atexit.o)
 .ARM.attributes
                0x00000000000003eb       0x34 ./libc.a(libc_a-findfp.o)
 .ARM.attributes
                0x000000000000041f       0x32 ./libc.a(libc_a-impure.o)
 .ARM.attributes
                0x0000000000000451       0x34 ./libc.a(libc_a-init.o)
 .ARM.attributes
                0x0000000000000485       0x34 ./libc.a(libc_a-fini.o)
 .ARM.attributes
                0x00000000000004b9       0x34 ./libc.a(libc_a-lock.o)
 .ARM.attributes
                0x00000000000004ed       0x34 ./libc.a(libc_a-__atexit.o)
 .ARM.attributes
                0x0000000000000521       0x34 ./libc.a(libc_a-__call_atexit.o)
 .ARM.attributes
                0x0000000000000555       0x34 ./libc.a(libc_a-errno.o)
 .ARM.attributes
                0x0000000000000589       0x22 /usr/lib/gcc/arm-none-eabi/12.2.1/thumb/v7e-m+fp/hard/libgcc.a(_arm_addsubdf3.o)
 .ARM.attributes
                0x00000000000005ab       0x22 /usr/lib/gcc/arm-none-eabi/12.2.1/thumb/v7e-m+fp/hard/libgcc.a(_arm_muldivdf3.o)
 .ARM.attributes
                0x00000000000005cd       0x22 /usr/lib/gcc/arm-none-eabi/12.2.1/thumb/v7e-m+fp/hard/libgcc.a(_arm_cmpdf2.o)
 .ARM.attributes
                0x00000000000005ef       0x22 /usr/lib/gcc/arm-none-eabi/12.2.1/thumb/v7e-m+fp/hard/libgcc.a(_arm_unorddf2.o)
 .ARM.attributes
                0x0000000000000611       0x22 /usr/lib/gcc/arm-none-eabi/12.2.1/thumb/v7e-m+fp/hard/libgcc.a(_arm_fixdfsi.o)
 .ARM.attributes
                0x0000000000000633       0x22 /usr/lib/gcc/arm-none-eabi/12.2.1/thumb/v7e-m+fp/hard/libgcc.a(_arm_truncdfsf2.o)
 .ARM.attributes
                0x0000000000000655       0x34 /usr/lib/gcc/arm-none-eabi/12.2.1/thumb/v7e-m+fp/hard/crtend.o
 .ARM.attributes
                0x0000000000000689       0x22 /usr/lib/gcc/arm-none-eabi/12.2.1/thumb/v7e-m+fp/hard/crtn.o
OUTPUT(build/Template.elf elf32-littlearm)
LOAD linker stubs
LOAD libc.a
LOAD libm.a
LOAD /usr/lib/gcc/arm-none-eabi/12.2.1/thumb/v7e-m+fp/hard/libgcc.a

.comment        0x0000000000000000       0x7f
 .comment       0x0000000000000000       0x26 /usr/lib/gcc/arm-none-eabi/12.2.1/thumb/v7e-m+fp/hard/crtbegin.o
                                         0x27 (size before relaxing)
 .comment       0x0000000000000026       0x27 build/HMC5883L.o
 .comment       0x0000000000000026       0x27 build/IMU.o
 .comment       0x0000000000000026       0x27 build/Motor.o
 .comment       0x0000000000000026       0x27 build/MPU6050.o
 .comment       0x0000000000000026       0x27 build/Receiver.o
 .comment       0x0000000000000026       0x27 build/Serial.o
 .comment       0x0000000000000026       0x27 build/misc.o
 .comment       0x0000000000000026       0x27 build/stm32f4xx_gpio.o
 .comment       0x0000000000000026       0x27 build/stm32f4xx_rcc.o
 .comment       0x0000000000000026       0x27 build/stm32f4xx_tim.o
 .comment       0x0000000000000026       0x27 build/stm32f4xx_usart.o
 .comment       0x0000000000000026       0x27 build/system_stm32f4xx.o
 .comment       0x0000000000000026       0x27 build/delay.o
 .comment       0x0000000000000026       0x27 build/i2c_soft.o
 .comment       0x0000000000000026       0x27 build/main.o
 .comment       0x0000000000000026       0x27 build/stm32f4xx_it.o
 .comment       0x0000000000000026       0x59 ./libc.a(libc_a-atexit.o)
                                         0x5a (size before relaxing)
 .comment       0x000000000000007f       0x5a ./libc.a(libc_a-findfp.o)
 .comment       0x000000000000007f       0x5a ./libc.a(libc_a-impure.o)
 .comment       0x000000000000007f       0x5a ./libc.a(libc_a-init.o)
 .comment       0x000000000000007f       0x5a ./libc.a(libc_a-fini.o)
 .comment       0x000000000000007f       0x5a ./libc.a(libc_a-lock.o)
 .comment       0x000000000000007f       0x5a ./libc.a(libc_a-__atexit.o)
 .comment       0x000000000000007f       0x5a ./libc.a(libc_a-__call_atexit.o)
 .comment       0x000000000000007f       0x5a ./libc.a(libc_a-errno.o)
 .comment       0x000000000000007f       0x27 /usr/lib/gcc/arm-none-eabi/12.2.1/thumb/v7e-m+fp/hard/crtend.o

.debug_info     0x0000000000000000     0xb9f7
 .debug_info    0x0000000000000000      0x492 build/HMC5883L.o
 .debug_info    0x0000000000000492      0x732 build/IMU.o
 .debug_info    0x0000000000000bc4      0x789 build/Motor.o
 .debug_info    0x000000000000134d      0x1e1 build/MPU6050.o
 .debug_info    0x000000000000152e      0xcce build/Receiver.o
 .debug_info    0x00000000000021fc      0x654 build/Serial.o
 .debug_info    0x0000000000002850      0x4de build/misc.o
 .debug_info    0x0000000000002d2e      0x5d3 build/stm32f4xx_gpio.o
 .debug_info    0x0000000000003301      0xcb8 build/stm32f4xx_rcc.o
 .debug_info    0x0000000000003fb9     0x1bcd build/stm32f4xx_tim.o
 .debug_info    0x0000000000005b86      0x99a build/stm32f4xx_usart.o
 .debug_info    0x0000000000006520      0x5ca build/system_stm32f4xx.o
 .debug_info    0x0000000000006aea      0x25d build/delay.o
 .debug_info    0x0000000000006d47      0x491 build/i2c_soft.o
 .debug_info    0x00000000000071d8      0x4d5 build/main.o
 .debug_info    0x00000000000076ad       0xed build/stm32f4xx_it.o
 .debug_info    0x000000000000779a       0x2e build/startup_stm32f401xe.o
 .debug_info    0x00000000000077c8      0x8ed ./libc.a(libc_a-atexit.o)
 .debug_info    0x00000000000080b5      0xdeb ./libc.a(libc_a-findfp.o)
 .debug_info    0x0000000000008ea0      0x8a5 ./libc.a(libc_a-impure.o)
 .debug_info    0x0000000000009745       0xf7 ./libc.a(libc_a-init.o)
 .debug_info    0x000000000000983c       0xdf ./libc.a(libc_a-fini.o)
 .debug_info    0x000000000000991b      0x277 ./libc.a(libc_a-lock.o)
 .debug_info    0x0000000000009b92      0x954 ./libc.a(libc_a-__atexit.o)
 .debug_info    0x000000000000a4e6      0x9b1 ./libc.a(libc_a-__call_atexit.o)
 .debug_info    0x000000000000ae97      0x8e0 ./libc.a(libc_a-errno.o)
 .debug_info    0x000000000000b777       0xc0 /usr/lib/gcc/arm-none-eabi/12.2.1/thumb/v7e-m+fp/hard/libgcc.a(_arm_addsubdf3.o)
 .debug_info    0x000000000000b837       0x52 /usr/lib/gcc/arm-none-eabi/12.2.1/thumb/v7e-m+fp/hard/libgcc.a(_arm_muldivdf3.o)
 .debug_info    0x000000000000b889       0xc0 /usr/lib/gcc/arm-none-eabi/12.2.1/thumb/v7e-m+fp/hard/libgcc.a(_arm_cmpdf2.o)
 .debug_info    0x000000000000b949       0x39 /usr/lib/gcc/arm-none-eabi/12.2.1/thumb/v7e-m+fp/hard/libgcc.a(_arm_unorddf2.o)
 .debug_info    0x000000000000b982       0x39 /usr/lib/gcc/arm-none-eabi/12.2.1/thumb/v7e-m+fp/hard/libgcc.a(_arm_fixdfsi.o)
 .debug_info    0x000000000000b9bb       0x3c /usr/lib/gcc/arm-none-eabi/12.2.1/thumb/v7e-m+fp/hard/libgcc.a(_arm_truncdfsf2.o)

.debug_abbrev   0x0000000000000000     0x2ae3
 .debug_abbrev  0x0000000000000000      0x18f build/HMC5883L.o
 .debug_abbrev  0x000000000000018f      0x1ba build/IMU.o
 .debug_abbrev  0x0000000000000349      0x1a8 build/Motor.o
 .debug_abbrev  0x00000000000004f1      0x13c build/MPU6050.o
 .debug_abbrev  0x000000000000062d      0x239 build/Receiver.o
 .debug_abbrev  0x0000000000000866      0x268 build/Serial.o
 .debug_abbrev  0x0000000000000ace      0x17d build/misc.o
 .debug_abbrev  0x0000000000000c4b      0x1ec build/stm32f4xx_gpio.o
 .debug_abbrev  0x0000000000000e37      0x1df build/stm32f4xx_rcc.o
 .debug_abbrev  0x0000000000001016      0x1cc build/stm32f4xx_tim.o
 .debug_abbrev  0x00000000000011e2      0x1af build/stm32f4xx_usart.o
 .debug_abbrev  0x0000000000001391      0x168 build/system_stm32f4xx.o
 .debug_abbrev  0x00000000000014f9      0x131 build/delay.o
 .debug_abbrev  0x000000000000162a      0x24b build/i2c_soft.o
 .debug_abbrev  0x0000000000001875      0x1cd build/main.o
 .debug_abbrev  0x0000000000001a42       0x45 build/stm32f4xx_it.o
 .debug_abbrev  0x0000000000001a87       0x1d build/startup_stm32f401xe.o
 .debug_abbrev  0x0000000000001aa4      0x200 ./libc.a(libc_a-atexit.o)
 .debug_abbrev  0x0000000000001ca4      0x322 ./libc.a(libc_a-findfp.o)
 .debug_abbrev  0x0000000000001fc6      0x1a7 ./libc.a(libc_a-impure.o)
 .debug_abbrev  0x000000000000216d       0xa6 ./libc.a(libc_a-init.o)
 .debug_abbrev  0x0000000000002213       0xa6 ./libc.a(libc_a-fini.o)
 .debug_abbrev  0x00000000000022b9       0xdc ./libc.a(libc_a-lock.o)
 .debug_abbrev  0x0000000000002395      0x23e ./libc.a(libc_a-__atexit.o)
 .debug_abbrev  0x00000000000025d3      0x274 ./libc.a(libc_a-__call_atexit.o)
 .debug_abbrev  0x0000000000002847      0x1d6 ./libc.a(libc_a-errno.o)
 .debug_abbrev  0x0000000000002a1d       0x21 /usr/lib/gcc/arm-none-eabi/12.2.1/thumb/v7e-m+fp/hard/libgcc.a(_arm_addsubdf3.o)
 .debug_abbrev  0x0000000000002a3e       0x21 /usr/lib/gcc/arm-none-eabi/12.2.1/thumb/v7e-m+fp/hard/libgcc.a(_arm_muldivdf3.o)
 .debug_abbrev  0x0000000000002a5f       0x21 /usr/lib/gcc/arm-none-eabi/12.2.1/thumb/v7e-m+fp/hard/libgcc.a(_arm_cmpdf2.o)
 .debug_abbrev  0x0000000000002a80       0x21 /usr/lib/gcc/arm-none-eabi/12.2.1/thumb/v7e-m+fp/hard/libgcc.a(_arm_unorddf2.o)
 .debug_abbrev  0x0000000000002aa1       0x21 /usr/lib/gcc/arm-none-eabi/12.2.1/thumb/v7e-m+fp/hard/libgcc.a(_arm_fixdfsi.o)
 .debug_abbrev  0x0000000000002ac2       0x21 /usr/lib/gcc/arm-none-eabi/12.2.1/thumb/v7e-m+fp/hard/libgcc.a(_arm_truncdfsf2.o)

.debug_aranges  0x0000000000000000      0xb58
 .debug_aranges
                0x0000000000000000       0x50 build/HMC5883L.o
 .debug_aranges
                0x0000000000000050       0x28 build/IMU.o
 .debug_aranges
                0x0000000000000078       0x30 build/Motor.o
 .debug_aranges
                0x00000000000000a8       0x38 build/MPU6050.o
 .debug_aranges
                0x00000000000000e0       0x40 build/Receiver.o
 .debug_aranges
                0x0000000000000120       0x50 build/Serial.o
 .debug_aranges
                0x0000000000000170       0x40 build/misc.o
 .debug_aranges
                0x00000000000001b0       0x88 build/stm32f4xx_gpio.o
 .debug_aranges
                0x0000000000000238      0x198 build/stm32f4xx_rcc.o
 .debug_aranges
                0x00000000000003d0      0x2f8 build/stm32f4xx_tim.o
 .debug_aranges
                0x00000000000006c8      0x100 build/stm32f4xx_usart.o
 .debug_aranges
                0x00000000000007c8       0x30 build/system_stm32f4xx.o
 .debug_aranges
                0x00000000000007f8       0x48 build/delay.o
 .debug_aranges
                0x0000000000000840       0x88 build/i2c_soft.o
 .debug_aranges
                0x00000000000008c8       0x38 build/main.o
 .debug_aranges
                0x0000000000000900       0x58 build/stm32f4xx_it.o
 .debug_aranges
                0x0000000000000958       0x28 build/startup_stm32f401xe.o
 .debug_aranges
                0x0000000000000980       0x20 ./libc.a(libc_a-atexit.o)
 .debug_aranges
                0x00000000000009a0       0x20 ./libc.a(libc_a-findfp.o)
 .debug_aranges
                0x00000000000009c0       0x18 ./libc.a(libc_a-impure.o)
 .debug_aranges
                0x00000000000009d8       0x20 ./libc.a(libc_a-init.o)
 .debug_aranges
                0x00000000000009f8       0x20 ./libc.a(libc_a-fini.o)
 .debug_aranges
                0x0000000000000a18       0x20 ./libc.a(libc_a-lock.o)
 .debug_aranges
                0x0000000000000a38       0x20 ./libc.a(libc_a-__atexit.o)
 .debug_aranges
                0x0000000000000a58       0x20 ./libc.a(libc_a-__call_atexit.o)
 .debug_aranges
                0x0000000000000a78       0x20 ./libc.a(libc_a-errno.o)
 .debug_aranges
                0x0000000000000a98       0x20 /usr/lib/gcc/arm-none-eabi/12.2.1/thumb/v7e-m+fp/hard/libgcc.a(_arm_addsubdf3.o)
 .debug_aranges
                0x0000000000000ab8       0x20 /usr/lib/gcc/arm-none-eabi/12.2.1/thumb/v7e-m+fp/hard/libgcc.a(_arm_muldivdf3.o)
 .debug_aranges
                0x0000000000000ad8       0x20 /usr/lib/gcc/arm-none-eabi/12.2.1/thumb/v7e-m+fp/hard/libgcc.a(_arm_cmpdf2.o)
 .debug_aranges
                0x0000000000000af8       0x20 /usr/lib/gcc/arm-none-eabi/12.2.1/thumb/v7e-m+fp/hard/libgcc.a(_arm_unorddf2.o)
 .debug_aranges
                0x0000000000000b18       0x20 /usr/lib/gcc/arm-none-eabi/12.2.1/thumb/v7e-m+fp/hard/libgcc.a(_arm_fixdfsi.o)
 .debug_aranges
                0x0000000000000b38       0x20 /usr/lib/gcc/arm-none-eabi/12.2.1/thumb/v7e-m+fp/hard/libgcc.a(_arm_truncdfsf2.o)

.debug_rnglists
                0x0000000000000000      0x6f2
 .debug_rnglists
                0x0000000000000000       0x3b build/HMC5883L.o
 .debug_rnglists
                0x000000000000003b       0x1b build/IMU.o
 .debug_rnglists
                0x0000000000000056       0x20 build/Motor.o
 .debug_rnglists
                0x0000000000000076       0x26 build/MPU6050.o
 .debug_rnglists
                0x000000000000009c       0x2d build/Receiver.o
 .debug_rnglists
                0x00000000000000c9       0x38 build/Serial.o
 .debug_rnglists
                0x0000000000000101       0x2c build/misc.o
 .debug_rnglists
                0x000000000000012d       0x64 build/stm32f4xx_gpio.o
 .debug_rnglists
                0x0000000000000191      0x12e build/stm32f4xx_rcc.o
 .debug_rnglists
                0x00000000000002bf      0x243 build/stm32f4xx_tim.o
 .debug_rnglists
                0x0000000000000502       0xbf build/stm32f4xx_usart.o
 .debug_rnglists
                0x00000000000005c1       0x21 build/system_stm32f4xx.o
 .debug_rnglists
                0x00000000000005e2       0x31 build/delay.o
 .debug_rnglists
                0x0000000000000613       0x61 build/i2c_soft.o
 .debug_rnglists
                0x0000000000000674       0x28 build/main.o
 .debug_rnglists
                0x000000000000069c       0x3d build/stm32f4xx_it.o
 .debug_rnglists
                0x00000000000006d9       0x19 build/startup_stm32f401xe.o

.debug_line     0x0000000000000000     0x593b
 .debug_line    0x0000000000000000      0x566 build/HMC5883L.o
 .debug_line    0x0000000000000566      0x91a build/IMU.o
 .debug_line    0x0000000000000e80      0x18c build/Motor.o
 .debug_line    0x000000000000100c      0x216 build/MPU6050.o
 .debug_line    0x0000000000001222      0x263 build/Receiver.o
 .debug_line    0x0000000000001485      0x2a2 build/Serial.o
 .debug_line    0x0000000000001727      0x1c0 build/misc.o
 .debug_line    0x00000000000018e7      0x3ec build/stm32f4xx_gpio.o
 .debug_line    0x0000000000001cd3      0x90b build/stm32f4xx_rcc.o
 .debug_line    0x00000000000025de     0x1099 build/stm32f4xx_tim.o
 .debug_line    0x0000000000003677      0x672 build/stm32f4xx_usart.o
 .debug_line    0x0000000000003ce9      0x259 build/system_stm32f4xx.o
 .debug_line    0x0000000000003f42      0x22a build/delay.o
 .debug_line    0x000000000000416c      0x2f2 build/i2c_soft.o
 .debug_line    0x000000000000445e      0x2b0 build/main.o
 .debug_line    0x000000000000470e       0xe8 build/stm32f4xx_it.o
 .debug_line    0x00000000000047f6       0x75 build/startup_stm32f401xe.o
 .debug_line    0x000000000000486b      0x144 ./libc.a(libc_a-atexit.o)
 .debug_line    0x00000000000049af      0x326 ./libc.a(libc_a-findfp.o)
 .debug_line    0x0000000000004cd5       0xae ./libc.a(libc_a-impure.o)
 .debug_line    0x0000000000004d83       0xe3 ./libc.a(libc_a-init.o)
 .debug_line    0x0000000000004e66       0xc2 ./libc.a(libc_a-fini.o)
 .debug_line    0x0000000000004f28       0xbd ./libc.a(libc_a-lock.o)
 .debug_line    0x0000000000004fe5      0x19f ./libc.a(libc_a-__atexit.o)
 .debug_line    0x0000000000005184      0x1f1 ./libc.a(libc_a-__call_atexit.o)
 .debug_line    0x0000000000005375       0xfe ./libc.a(libc_a-errno.o)
 .debug_line    0x0000000000005473      0x16f /usr/lib/gcc/arm-none-eabi/12.2.1/thumb/v7e-m+fp/hard/libgcc.a(_arm_addsubdf3.o)
 .debug_line    0x00000000000055e2      0x184 /usr/lib/gcc/arm-none-eabi/12.2.1/thumb/v7e-m+fp/hard/libgcc.a(_arm_muldivdf3.o)
 .debug_line    0x0000000000005766       0xa6 /usr/lib/gcc/arm-none-eabi/12.2.1/thumb/v7e-m+fp/hard/libgcc.a(_arm_cmpdf2.o)
 .debug_line    0x000000000000580c       0x57 /usr/lib/gcc/arm-none-eabi/12.2.1/thumb/v7e-m+fp/hard/libgcc.a(_arm_unorddf2.o)
 .debug_line    0x0000000000005863       0x62 /usr/lib/gcc/arm-none-eabi/12.2.1/thumb/v7e-m+fp/hard/libgcc.a(_arm_fixdfsi.o)
 .debug_line    0x00000000000058c5       0x76 /usr/lib/gcc/arm-none-eabi/12.2.1/thumb/v7e-m+fp/hard/libgcc.a(_arm_truncdfsf2.o)

.debug_str      0x0000000000000000     0x35ae
 .debug_str     0x0000000000000000      0x253 build/HMC5883L.o
                                        0x2ad (size before relaxing)
 .debug_str     0x0000000000000253      0x186 build/IMU.o
                                        0x315 (size before relaxing)
 .debug_str     0x00000000000003d9      0x540 build/Motor.o
                                        0x692 (size before relaxing)
 .debug_str     0x0000000000000919       0x5d build/MPU6050.o
                                        0x225 (size before relaxing)
 .debug_str     0x0000000000000976      0x73d build/Receiver.o
                                        0xbf9 (size before relaxing)
 .debug_str     0x00000000000010b3      0x149 build/Serial.o
                                        0x50e (size before relaxing)
 .debug_str     0x00000000000011fc      0x13b build/misc.o
                                        0x391 (size before relaxing)
 .debug_str     0x0000000000001337      0x17a build/stm32f4xx_gpio.o
                                        0x478 (size before relaxing)
 .debug_str     0x00000000000014b1      0x533 build/stm32f4xx_rcc.o
                                        0x8c4 (size before relaxing)
 .debug_str     0x00000000000019e4      0x7df build/stm32f4xx_tim.o
                                        0xdb6 (size before relaxing)
 .debug_str     0x00000000000021c3      0x343 build/stm32f4xx_usart.o
                                        0x687 (size before relaxing)
 .debug_str     0x0000000000002506       0xa0 build/system_stm32f4xx.o
                                        0x392 (size before relaxing)
 .debug_str     0x00000000000025a6       0x62 build/delay.o
                                        0x1dd (size before relaxing)
 .debug_str     0x0000000000002608       0x80 build/i2c_soft.o
                                        0x41d (size before relaxing)
 .debug_str     0x0000000000002688       0xa9 build/main.o
                                        0x382 (size before relaxing)
 .debug_str     0x0000000000002731       0x9b build/stm32f4xx_it.o
                                        0x1ca (size before relaxing)
 .debug_str     0x00000000000027cc       0x30 build/startup_stm32f401xe.o
                                         0x46 (size before relaxing)
 .debug_str     0x00000000000027fc      0x4b5 ./libc.a(libc_a-atexit.o)
                                        0x57f (size before relaxing)
 .debug_str     0x0000000000002cb1      0x267 ./libc.a(libc_a-findfp.o)
                                        0x7d1 (size before relaxing)
 .debug_str     0x0000000000002f18       0x2c ./libc.a(libc_a-impure.o)
                                        0x53d (size before relaxing)
 .debug_str     0x0000000000002f44       0x90 ./libc.a(libc_a-init.o)
                                        0x1fb (size before relaxing)
 .debug_str     0x0000000000002fd4       0x5f ./libc.a(libc_a-fini.o)
                                        0x1d1 (size before relaxing)
 .debug_str     0x0000000000003033      0x20d ./libc.a(libc_a-lock.o)
                                        0x313 (size before relaxing)
 .debug_str     0x0000000000003240       0x48 ./libc.a(libc_a-__atexit.o)
                                        0x5b1 (size before relaxing)
 .debug_str     0x0000000000003288       0x72 ./libc.a(libc_a-__call_atexit.o)
                                        0x5dd (size before relaxing)
 .debug_str     0x00000000000032fa       0x33 ./libc.a(libc_a-errno.o)
                                        0x55b (size before relaxing)
 .debug_str     0x000000000000332d      0x156 /usr/lib/gcc/arm-none-eabi/12.2.1/thumb/v7e-m+fp/hard/libgcc.a(_arm_addsubdf3.o)
                                        0x162 (size before relaxing)
 .debug_str     0x0000000000003483       0x2c /usr/lib/gcc/arm-none-eabi/12.2.1/thumb/v7e-m+fp/hard/libgcc.a(_arm_muldivdf3.o)
                                         0xd4 (size before relaxing)
 .debug_str     0x00000000000034af       0xb5 /usr/lib/gcc/arm-none-eabi/12.2.1/thumb/v7e-m+fp/hard/libgcc.a(_arm_cmpdf2.o)
                                        0x15d (size before relaxing)
 .debug_str     0x0000000000003564       0x1a /usr/lib/gcc/arm-none-eabi/12.2.1/thumb/v7e-m+fp/hard/libgcc.a(_arm_unorddf2.o)
                                         0xc2 (size before relaxing)
 .debug_str     0x000000000000357e       0x17 /usr/lib/gcc/arm-none-eabi/12.2.1/thumb/v7e-m+fp/hard/libgcc.a(_arm_fixdfsi.o)
                                         0xbf (size before relaxing)
 .debug_str     0x0000000000003595       0x19 /usr/lib/gcc/arm-none-eabi/12.2.1/thumb/v7e-m+fp/hard/libgcc.a(_arm_truncdfsf2.o)
                                         0xc1 (size before relaxing)

.debug_frame    0x0000000000000000     0x2e00
 .debug_frame   0x0000000000000000      0x110 build/HMC5883L.o
 .debug_frame   0x0000000000000110       0x68 build/IMU.o
 .debug_frame   0x0000000000000178       0x74 build/Motor.o
 .debug_frame   0x00000000000001ec       0x98 build/MPU6050.o
 .debug_frame   0x0000000000000284       0xb4 build/Receiver.o
 .debug_frame   0x0000000000000338      0x114 build/Serial.o
 .debug_frame   0x000000000000044c       0xd8 build/misc.o
 .debug_frame   0x0000000000000524      0x23c build/stm32f4xx_gpio.o
 .debug_frame   0x0000000000000760      0x774 build/stm32f4xx_rcc.o
 .debug_frame   0x0000000000000ed4      0xe54 build/stm32f4xx_tim.o
 .debug_frame   0x0000000000001d28      0x490 build/stm32f4xx_usart.o
 .debug_frame   0x00000000000021b8       0x80 build/system_stm32f4xx.o
 .debug_frame   0x0000000000002238       0xfc build/delay.o
 .debug_frame   0x0000000000002334      0x1ec build/i2c_soft.o
 .debug_frame   0x0000000000002520       0xac build/main.o
 .debug_frame   0x00000000000025cc       0xf0 build/stm32f4xx_it.o
 .debug_frame   0x00000000000026bc       0x34 ./libc.a(libc_a-atexit.o)
 .debug_frame   0x00000000000026f0      0x220 ./libc.a(libc_a-findfp.o)
 .debug_frame   0x0000000000002910       0x34 ./libc.a(libc_a-init.o)
 .debug_frame   0x0000000000002944       0x34 ./libc.a(libc_a-fini.o)
 .debug_frame   0x0000000000002978      0x1a0 ./libc.a(libc_a-lock.o)
 .debug_frame   0x0000000000002b18       0x38 ./libc.a(libc_a-__atexit.o)
 .debug_frame   0x0000000000002b50       0x58 ./libc.a(libc_a-__call_atexit.o)
 .debug_frame   0x0000000000002ba8       0x30 ./libc.a(libc_a-errno.o)
 .debug_frame   0x0000000000002bd8       0xac /usr/lib/gcc/arm-none-eabi/12.2.1/thumb/v7e-m+fp/hard/libgcc.a(_arm_addsubdf3.o)
 .debug_frame   0x0000000000002c84       0x50 /usr/lib/gcc/arm-none-eabi/12.2.1/thumb/v7e-m+fp/hard/libgcc.a(_arm_muldivdf3.o)
 .debug_frame   0x0000000000002cd4       0xc4 /usr/lib/gcc/arm-none-eabi/12.2.1/thumb/v7e-m+fp/hard/libgcc.a(_arm_cmpdf2.o)
 .debug_frame   0x0000000000002d98       0x20 /usr/lib/gcc/arm-none-eabi/12.2.1/thumb/v7e-m+fp/hard/libgcc.a(_arm_unorddf2.o)
 .debug_frame   0x0000000000002db8       0x24 /usr/lib/gcc/arm-none-eabi/12.2.1/thumb/v7e-m+fp/hard/libgcc.a(_arm_fixdfsi.o)
 .debug_frame   0x0000000000002ddc       0x24 /usr/lib/gcc/arm-none-eabi/12.2.1/thumb/v7e-m+fp/hard/libgcc.a(_arm_truncdfsf2.o)

.debug_line_str
                0x0000000000000000       0xc8
 .debug_line_str
                0x0000000000000000       0x2c build/startup_stm32f401xe.o
 .debug_line_str
                0x000000000000002c       0x9c /usr/lib/gcc/arm-none-eabi/12.2.1/thumb/v7e-m+fp/hard/libgcc.a(_arm_addsubdf3.o)
 .debug_line_str
                0x00000000000000c8       0x9c /usr/lib/gcc/arm-none-eabi/12.2.1/thumb/v7e-m+fp/hard/libgcc.a(_arm_muldivdf3.o)
 .debug_line_str
                0x00000000000000c8       0x9c /usr/lib/gcc/arm-none-eabi/12.2.1/thumb/v7e-m+fp/hard/libgcc.a(_arm_cmpdf2.o)
 .debug_line_str
                0x00000000000000c8       0x9c /usr/lib/gcc/arm-none-eabi/12.2.1/thumb/v7e-m+fp/hard/libgcc.a(_arm_unorddf2.o)
 .debug_line_str
                0x00000000000000c8       0x9c /usr/lib/gcc/arm-none-eabi/12.2.1/thumb/v7e-m+fp/hard/libgcc.a(_arm_fixdfsi.o)
 .debug_line_str
                0x00000000000000c8       0x9c /usr/lib/gcc/arm-none-eabi/12.2.1/thumb/v7e-m+fp/hard/libgcc.a(_arm_truncdfsf2.o)

Cross Reference Table

Symbol                                            File
ADC_AnalogWatchdogCmd                             build/stm32f4xx_adc.o
ADC_AnalogWatchdogSingleChannelConfig             build/stm32f4xx_adc.o
ADC_AnalogWatchdogThresholdsConfig                build/stm32f4xx_adc.o
ADC_AutoInjectedConvCmd                           build/stm32f4xx_adc.o
ADC_ClearFlag                                     build/stm32f4xx_adc.o
ADC_ClearITPendingBit                             build/stm32f4xx_adc.o
ADC_Cmd                                           build/stm32f4xx_adc.o
ADC_CommonInit                                    build/stm32f4xx_adc.o
ADC_CommonStructInit                              build/stm32f4xx_adc.o
ADC_ContinuousModeCmd                             build/stm32f4xx_adc.o
ADC_DMACmd                                        build/stm32f4xx_adc.o
ADC_DMARequestAfterLastTransferCmd                build/stm32f4xx_adc.o
ADC_DeInit                                        build/stm32f4xx_adc.o
ADC_DiscModeChannelCountConfig                    build/stm32f4xx_adc.o
ADC_DiscModeCmd                                   build/stm32f4xx_adc.o
ADC_EOCOnEachRegularChannelCmd                    build/stm32f4xx_adc.o
ADC_ExternalTrigInjectedConvConfig                build/stm32f4xx_adc.o
ADC_ExternalTrigInjectedConvEdgeConfig            build/stm32f4xx_adc.o
ADC_GetConversionValue                            build/stm32f4xx_adc.o
ADC_GetFlagStatus                                 build/stm32f4xx_adc.o
ADC_GetITStatus                                   build/stm32f4xx_adc.o
ADC_GetInjectedConversionValue                    build/stm32f4xx_adc.o
ADC_GetMultiModeConversionValue                   build/stm32f4xx_adc.o
ADC_GetSoftwareStartConvStatus                    build/stm32f4xx_adc.o
ADC_GetSoftwareStartInjectedConvCmdStatus         build/stm32f4xx_adc.o
ADC_IRQHandler                                    build/startup_stm32f401xe.o
ADC_ITConfig                                      build/stm32f4xx_adc.o
ADC_Init                                          build/stm32f4xx_adc.o
ADC_InjectedChannelConfig                         build/stm32f4xx_adc.o
ADC_InjectedDiscModeCmd                           build/stm32f4xx_adc.o
ADC_InjectedSequencerLengthConfig                 build/stm32f4xx_adc.o
ADC_MultiModeDMARequestAfterLastTransferCmd       build/stm32f4xx_adc.o
ADC_RegularChannelConfig                          build/stm32f4xx_adc.o
ADC_SetInjectedOffset                             build/stm32f4xx_adc.o
ADC_SoftwareStartConv                             build/stm32f4xx_adc.o
ADC_SoftwareStartInjectedConv                     build/stm32f4xx_adc.o
ADC_StructInit                                    build/stm32f4xx_adc.o
ADC_TempSensorVrefintCmd                          build/stm32f4xx_adc.o
ADC_VBATCmd                                       build/stm32f4xx_adc.o
AHBPrescTable                                     build/system_stm32f4xx.o
Acc_Xerr                                          build/IMU.o
Acc_Yerr                                          build/IMU.o
BusFault_Handler                                  build/stm32f4xx_it.o
CAN_CancelTransmit                                build/stm32f4xx_can.o
CAN_ClearFlag                                     build/stm32f4xx_can.o
CAN_ClearITPendingBit                             build/stm32f4xx_can.o
CAN_DBGFreeze                                     build/stm32f4xx_can.o
CAN_DeInit                                        build/stm32f4xx_can.o
CAN_FIFORelease                                   build/stm32f4xx_can.o
CAN_FilterInit                                    build/stm32f4xx_can.o
CAN_GetFlagStatus                                 build/stm32f4xx_can.o
CAN_GetITStatus                                   build/stm32f4xx_can.o
CAN_GetLSBTransmitErrorCounter                    build/stm32f4xx_can.o
CAN_GetLastErrorCode                              build/stm32f4xx_can.o
CAN_GetReceiveErrorCounter                        build/stm32f4xx_can.o
CAN_ITConfig                                      build/stm32f4xx_can.o
CAN_Init                                          build/stm32f4xx_can.o
CAN_MessagePending                                build/stm32f4xx_can.o
CAN_OperatingModeRequest                          build/stm32f4xx_can.o
CAN_Receive                                       build/stm32f4xx_can.o
CAN_SlaveStartBank                                build/stm32f4xx_can.o
CAN_Sleep                                         build/stm32f4xx_can.o
CAN_StructInit                                    build/stm32f4xx_can.o
CAN_TTComModeCmd                                  build/stm32f4xx_can.o
CAN_Transmit                                      build/stm32f4xx_can.o
CAN_TransmitStatus                                build/stm32f4xx_can.o
CAN_WakeUp                                        build/stm32f4xx_can.o
CRC_CalcBlockCRC                                  build/stm32f4xx_crc.o
CRC_CalcCRC                                       build/stm32f4xx_crc.o
CRC_GetCRC                                        build/stm32f4xx_crc.o
CRC_GetIDRegister                                 build/stm32f4xx_crc.o
CRC_ResetDR                                       build/stm32f4xx_crc.o
CRC_SetIDRegister                                 build/stm32f4xx_crc.o
CRYP_AES_CBC                                      build/stm32f4xx_cryp_aes.o
CRYP_AES_CCM                                      build/stm32f4xx_cryp_aes.o
CRYP_AES_CTR                                      build/stm32f4xx_cryp_aes.o
CRYP_AES_ECB                                      build/stm32f4xx_cryp_aes.o
CRYP_AES_GCM                                      build/stm32f4xx_cryp_aes.o
CRYP_Cmd                                          build/stm32f4xx_cryp.o
                                                  build/stm32f4xx_cryp_tdes.o
                                                  build/stm32f4xx_cryp_des.o
                                                  build/stm32f4xx_cryp_aes.o
CRYP_DES_CBC                                      build/stm32f4xx_cryp_des.o
CRYP_DES_ECB                                      build/stm32f4xx_cryp_des.o
CRYP_DMACmd                                       build/stm32f4xx_cryp.o
CRYP_DataIn                                       build/stm32f4xx_cryp.o
                                                  build/stm32f4xx_cryp_tdes.o
                                                  build/stm32f4xx_cryp_des.o
                                                  build/stm32f4xx_cryp_aes.o
CRYP_DataOut                                      build/stm32f4xx_cryp.o
                                                  build/stm32f4xx_cryp_tdes.o
                                                  build/stm32f4xx_cryp_des.o
                                                  build/stm32f4xx_cryp_aes.o
CRYP_DeInit                                       build/stm32f4xx_cryp.o
CRYP_FIFOFlush                                    build/stm32f4xx_cryp.o
                                                  build/stm32f4xx_cryp_tdes.o
                                                  build/stm32f4xx_cryp_des.o
                                                  build/stm32f4xx_cryp_aes.o
CRYP_GetCmdStatus                                 build/stm32f4xx_cryp.o
                                                  build/stm32f4xx_cryp_tdes.o
                                                  build/stm32f4xx_cryp_des.o
                                                  build/stm32f4xx_cryp_aes.o
CRYP_GetFlagStatus                                build/stm32f4xx_cryp.o
                                                  build/stm32f4xx_cryp_tdes.o
                                                  build/stm32f4xx_cryp_des.o
                                                  build/stm32f4xx_cryp_aes.o
CRYP_GetITStatus                                  build/stm32f4xx_cryp.o
CRYP_ITConfig                                     build/stm32f4xx_cryp.o
CRYP_IVInit                                       build/stm32f4xx_cryp.o
                                                  build/stm32f4xx_cryp_tdes.o
                                                  build/stm32f4xx_cryp_des.o
                                                  build/stm32f4xx_cryp_aes.o
CRYP_IVStructInit                                 build/stm32f4xx_cryp.o
CRYP_Init                                         build/stm32f4xx_cryp.o
                                                  build/stm32f4xx_cryp_tdes.o
                                                  build/stm32f4xx_cryp_des.o
                                                  build/stm32f4xx_cryp_aes.o
CRYP_KeyInit                                      build/stm32f4xx_cryp.o
                                                  build/stm32f4xx_cryp_tdes.o
                                                  build/stm32f4xx_cryp_des.o
                                                  build/stm32f4xx_cryp_aes.o
CRYP_KeyStructInit                                build/stm32f4xx_cryp.o
                                                  build/stm32f4xx_cryp_tdes.o
                                                  build/stm32f4xx_cryp_des.o
                                                  build/stm32f4xx_cryp_aes.o
CRYP_PhaseConfig                                  build/stm32f4xx_cryp.o
                                                  build/stm32f4xx_cryp_aes.o
CRYP_RestoreContext                               build/stm32f4xx_cryp.o
CRYP_SaveContext                                  build/stm32f4xx_cryp.o
CRYP_StructInit                                   build/stm32f4xx_cryp.o
CRYP_TDES_CBC                                     build/stm32f4xx_cryp_tdes.o
CRYP_TDES_ECB                                     build/stm32f4xx_cryp_tdes.o
CalAngle                                          build/IMU.o
                                                  build/main.o
DAC_ClearFlag                                     build/stm32f4xx_dac.o
DAC_ClearITPendingBit                             build/stm32f4xx_dac.o
DAC_Cmd                                           build/stm32f4xx_dac.o
DAC_DMACmd                                        build/stm32f4xx_dac.o
DAC_DeInit                                        build/stm32f4xx_dac.o
DAC_DualSoftwareTriggerCmd                        build/stm32f4xx_dac.o
DAC_GetDataOutputValue                            build/stm32f4xx_dac.o
DAC_GetFlagStatus                                 build/stm32f4xx_dac.o
DAC_GetITStatus                                   build/stm32f4xx_dac.o
DAC_ITConfig                                      build/stm32f4xx_dac.o
DAC_Init                                          build/stm32f4xx_dac.o
DAC_SetChannel1Data                               build/stm32f4xx_dac.o
DAC_SetChannel2Data                               build/stm32f4xx_dac.o
DAC_SetDualChannelData                            build/stm32f4xx_dac.o
DAC_SoftwareTriggerCmd                            build/stm32f4xx_dac.o
DAC_StructInit                                    build/stm32f4xx_dac.o
DAC_WaveGenerationCmd                             build/stm32f4xx_dac.o
DBGMCU_APB1PeriphConfig                           build/stm32f4xx_dbgmcu.o
DBGMCU_APB2PeriphConfig                           build/stm32f4xx_dbgmcu.o
DBGMCU_Config                                     build/stm32f4xx_dbgmcu.o
DBGMCU_GetDEVID                                   build/stm32f4xx_dbgmcu.o
DBGMCU_GetREVID                                   build/stm32f4xx_dbgmcu.o
DCMI_CROPCmd                                      build/stm32f4xx_dcmi.o
DCMI_CROPConfig                                   build/stm32f4xx_dcmi.o
DCMI_CaptureCmd                                   build/stm32f4xx_dcmi.o
DCMI_ClearFlag                                    build/stm32f4xx_dcmi.o
DCMI_ClearITPendingBit                            build/stm32f4xx_dcmi.o
DCMI_Cmd                                          build/stm32f4xx_dcmi.o
DCMI_DeInit                                       build/stm32f4xx_dcmi.o
DCMI_GetFlagStatus                                build/stm32f4xx_dcmi.o
DCMI_GetITStatus                                  build/stm32f4xx_dcmi.o
DCMI_ITConfig                                     build/stm32f4xx_dcmi.o
DCMI_Init                                         build/stm32f4xx_dcmi.o
DCMI_JPEGCmd                                      build/stm32f4xx_dcmi.o
DCMI_ReadData                                     build/stm32f4xx_dcmi.o
DCMI_SetEmbeddedSynchroCodes                      build/stm32f4xx_dcmi.o
DCMI_StructInit                                   build/stm32f4xx_dcmi.o
DMA1_Stream0_IRQHandler                           build/startup_stm32f401xe.o
DMA1_Stream1_IRQHandler                           build/startup_stm32f401xe.o
DMA1_Stream2_IRQHandler                           build/startup_stm32f401xe.o
DMA1_Stream3_IRQHandler                           build/startup_stm32f401xe.o
DMA1_Stream4_IRQHandler                           build/startup_stm32f401xe.o
DMA1_Stream5_IRQHandler                           build/startup_stm32f401xe.o
DMA1_Stream6_IRQHandler                           build/startup_stm32f401xe.o
DMA1_Stream7_IRQHandler                           build/startup_stm32f401xe.o
DMA2D_AbortTransfer                               build/stm32f4xx_dma2d.o
DMA2D_BGConfig                                    build/stm32f4xx_dma2d.o
DMA2D_BGStart                                     build/stm32f4xx_dma2d.o
DMA2D_BG_StructInit                               build/stm32f4xx_dma2d.o
DMA2D_ClearFlag                                   build/stm32f4xx_dma2d.o
DMA2D_ClearITPendingBit                           build/stm32f4xx_dma2d.o
DMA2D_DeInit                                      build/stm32f4xx_dma2d.o
DMA2D_DeadTimeConfig                              build/stm32f4xx_dma2d.o
DMA2D_FGConfig                                    build/stm32f4xx_dma2d.o
DMA2D_FGStart                                     build/stm32f4xx_dma2d.o
DMA2D_FG_StructInit                               build/stm32f4xx_dma2d.o
DMA2D_GetFlagStatus                               build/stm32f4xx_dma2d.o
DMA2D_GetITStatus                                 build/stm32f4xx_dma2d.o
DMA2D_ITConfig                                    build/stm32f4xx_dma2d.o
DMA2D_Init                                        build/stm32f4xx_dma2d.o
DMA2D_LineWatermarkConfig                         build/stm32f4xx_dma2d.o
DMA2D_StartTransfer                               build/stm32f4xx_dma2d.o
DMA2D_StructInit                                  build/stm32f4xx_dma2d.o
DMA2D_Suspend                                     build/stm32f4xx_dma2d.o
DMA2_Stream0_IRQHandler                           build/startup_stm32f401xe.o
DMA2_Stream1_IRQHandler                           build/startup_stm32f401xe.o
DMA2_Stream2_IRQHandler                           build/startup_stm32f401xe.o
DMA2_Stream3_IRQHandler                           build/startup_stm32f401xe.o
DMA2_Stream4_IRQHandler                           build/startup_stm32f401xe.o
DMA2_Stream5_IRQHandler                           build/startup_stm32f401xe.o
DMA2_Stream6_IRQHandler                           build/startup_stm32f401xe.o
DMA2_Stream7_IRQHandler                           build/startup_stm32f401xe.o
DMA_ClearFlag                                     build/stm32f4xx_dma.o
DMA_ClearITPendingBit                             build/stm32f4xx_dma.o
DMA_Cmd                                           build/stm32f4xx_dma.o
DMA_DeInit                                        build/stm32f4xx_dma.o
DMA_DoubleBufferModeCmd                           build/stm32f4xx_dma.o
DMA_DoubleBufferModeConfig                        build/stm32f4xx_dma.o
DMA_FlowControllerConfig                          build/stm32f4xx_dma.o
DMA_GetCmdStatus                                  build/stm32f4xx_dma.o
DMA_GetCurrDataCounter                            build/stm32f4xx_dma.o
DMA_GetCurrentMemoryTarget                        build/stm32f4xx_dma.o
DMA_GetFIFOStatus                                 build/stm32f4xx_dma.o
DMA_GetFlagStatus                                 build/stm32f4xx_dma.o
DMA_GetITStatus                                   build/stm32f4xx_dma.o
DMA_ITConfig                                      build/stm32f4xx_dma.o
DMA_Init                                          build/stm32f4xx_dma.o
DMA_MemoryTargetConfig                            build/stm32f4xx_dma.o
DMA_PeriphIncOffsetSizeConfig                     build/stm32f4xx_dma.o
DMA_SetCurrDataCounter                            build/stm32f4xx_dma.o
DMA_StructInit                                    build/stm32f4xx_dma.o
DebugMon_Handler                                  build/stm32f4xx_it.o
Default_Handler                                   build/startup_stm32f401xe.o
Delay_ms                                          build/delay.o
                                                  build/main.o
                                                  build/sysTick.o
                                                  build/Motor.o
                                                  build/IMU.o
Delay_s                                           build/sysTick.o
Delay_us                                          build/delay.o
ESC_Calibration                                   build/Motor.o
EXTI0_IRQHandler                                  build/startup_stm32f401xe.o
EXTI15_10_IRQHandler                              build/startup_stm32f401xe.o
EXTI1_IRQHandler                                  build/startup_stm32f401xe.o
EXTI2_IRQHandler                                  build/startup_stm32f401xe.o
EXTI3_IRQHandler                                  build/startup_stm32f401xe.o
EXTI4_IRQHandler                                  build/startup_stm32f401xe.o
EXTI9_5_IRQHandler                                build/startup_stm32f401xe.o
EXTI_ClearFlag                                    build/stm32f4xx_exti.o
EXTI_ClearITPendingBit                            build/stm32f4xx_exti.o
EXTI_DeInit                                       build/stm32f4xx_exti.o
EXTI_GenerateSWInterrupt                          build/stm32f4xx_exti.o
EXTI_GetFlagStatus                                build/stm32f4xx_exti.o
EXTI_GetITStatus                                  build/stm32f4xx_exti.o
EXTI_Init                                         build/stm32f4xx_exti.o
EXTI_StructInit                                   build/stm32f4xx_exti.o
Ellipsoid_Cal                                     build/HMC5883L.o
Ellipsoid_Fitting                                 build/HMC5883L.o
FLASH_ClearFlag                                   build/stm32f4xx_flash.o
FLASH_DataCacheCmd                                build/stm32f4xx_flash.o
FLASH_DataCacheReset                              build/stm32f4xx_flash.o
FLASH_EraseAllBank1Sectors                        build/stm32f4xx_flash.o
FLASH_EraseAllBank2Sectors                        build/stm32f4xx_flash.o
FLASH_EraseAllSectors                             build/stm32f4xx_flash.o
FLASH_EraseSector                                 build/stm32f4xx_flash.o
FLASH_FlashInterfaceCmd                           build/stm32f4xx_flash_ramfunc.o
FLASH_FlashSleepModeCmd                           build/stm32f4xx_flash_ramfunc.o
FLASH_GetFlagStatus                               build/stm32f4xx_flash.o
FLASH_GetStatus                                   build/stm32f4xx_flash.o
FLASH_IRQHandler                                  build/startup_stm32f401xe.o
FLASH_ITConfig                                    build/stm32f4xx_flash.o
FLASH_InstructionCacheCmd                         build/stm32f4xx_flash.o
FLASH_InstructionCacheReset                       build/stm32f4xx_flash.o
FLASH_Lock                                        build/stm32f4xx_flash.o
FLASH_OB_BORConfig                                build/stm32f4xx_flash.o
FLASH_OB_BootConfig                               build/stm32f4xx_flash.o
FLASH_OB_GetBOR                                   build/stm32f4xx_flash.o
FLASH_OB_GetPCROP                                 build/stm32f4xx_flash.o
FLASH_OB_GetPCROP1                                build/stm32f4xx_flash.o
FLASH_OB_GetRDP                                   build/stm32f4xx_flash.o
FLASH_OB_GetUser                                  build/stm32f4xx_flash.o
FLASH_OB_GetWRP                                   build/stm32f4xx_flash.o
FLASH_OB_GetWRP1                                  build/stm32f4xx_flash.o
FLASH_OB_Launch                                   build/stm32f4xx_flash.o
FLASH_OB_Lock                                     build/stm32f4xx_flash.o
FLASH_OB_PCROP1Config                             build/stm32f4xx_flash.o
FLASH_OB_PCROPConfig                              build/stm32f4xx_flash.o
FLASH_OB_PCROPSelectionConfig                     build/stm32f4xx_flash.o
FLASH_OB_RDPConfig                                build/stm32f4xx_flash.o
FLASH_OB_Unlock                                   build/stm32f4xx_flash.o
FLASH_OB_UserConfig                               build/stm32f4xx_flash.o
FLASH_OB_WRP1Config                               build/stm32f4xx_flash.o
FLASH_OB_WRPConfig                                build/stm32f4xx_flash.o
FLASH_PrefetchBufferCmd                           build/stm32f4xx_flash.o
FLASH_ProgramByte                                 build/stm32f4xx_flash.o
FLASH_ProgramDoubleWord                           build/stm32f4xx_flash.o
FLASH_ProgramHalfWord                             build/stm32f4xx_flash.o
FLASH_ProgramWord                                 build/stm32f4xx_flash.o
FLASH_SetLatency                                  build/stm32f4xx_flash.o
FLASH_Unlock                                      build/stm32f4xx_flash.o
FLASH_WaitForLastOperation                        build/stm32f4xx_flash.o
FPU_IRQHandler                                    build/startup_stm32f401xe.o
FindCof                                           build/Matrix.o
Frame                                             build/Serial.o
GPIO_DeInit                                       build/stm32f4xx_gpio.o
GPIO_Init                                         build/stm32f4xx_gpio.o
                                                  build/usart.o
                                                  build/i2c_soft.o
                                                  build/i2c.o
                                                  build/Serial.o
                                                  build/Receiver.o
                                                  build/Motor.o
GPIO_PinAFConfig                                  build/stm32f4xx_gpio.o
                                                  build/usart.o
                                                  build/i2c.o
                                                  build/Serial.o
                                                  build/Receiver.o
                                                  build/Motor.o
GPIO_PinLockConfig                                build/stm32f4xx_gpio.o
GPIO_ReadInputData                                build/stm32f4xx_gpio.o
GPIO_ReadInputDataBit                             build/stm32f4xx_gpio.o
                                                  build/i2c_soft.o
GPIO_ReadOutputData                               build/stm32f4xx_gpio.o
GPIO_ReadOutputDataBit                            build/stm32f4xx_gpio.o
GPIO_ResetBits                                    build/stm32f4xx_gpio.o
GPIO_SetBits                                      build/stm32f4xx_gpio.o
GPIO_StructInit                                   build/stm32f4xx_gpio.o
GPIO_ToggleBits                                   build/stm32f4xx_gpio.o
GPIO_Write                                        build/stm32f4xx_gpio.o
GPIO_WriteBit                                     build/stm32f4xx_gpio.o
                                                  build/OLED.o
Gyro                                              build/IMU.o
Gyro_Xerr                                         build/IMU.o
                                                  build/main.o
Gyro_Yerr                                         build/IMU.o
                                                  build/main.o
Gyro_Zerr                                         build/IMU.o
                                                  build/main.o
HASH_AutoStartDigest                              build/stm32f4xx_hash.o
HASH_ClearFlag                                    build/stm32f4xx_hash.o
HASH_ClearITPendingBit                            build/stm32f4xx_hash.o
HASH_DMACmd                                       build/stm32f4xx_hash.o
HASH_DataIn                                       build/stm32f4xx_hash.o
                                                  build/stm32f4xx_hash_sha1.o
                                                  build/stm32f4xx_hash_md5.o
HASH_DeInit                                       build/stm32f4xx_hash.o
                                                  build/stm32f4xx_hash_sha1.o
                                                  build/stm32f4xx_hash_md5.o
HASH_GetDigest                                    build/stm32f4xx_hash.o
                                                  build/stm32f4xx_hash_sha1.o
                                                  build/stm32f4xx_hash_md5.o
HASH_GetFlagStatus                                build/stm32f4xx_hash.o
                                                  build/stm32f4xx_hash_sha1.o
                                                  build/stm32f4xx_hash_md5.o
HASH_GetITStatus                                  build/stm32f4xx_hash.o
HASH_GetInFIFOWordsNbr                            build/stm32f4xx_hash.o
HASH_ITConfig                                     build/stm32f4xx_hash.o
HASH_Init                                         build/stm32f4xx_hash.o
                                                  build/stm32f4xx_hash_sha1.o
                                                  build/stm32f4xx_hash_md5.o
HASH_MD5                                          build/stm32f4xx_hash_md5.o
HASH_Reset                                        build/stm32f4xx_hash.o
HASH_RestoreContext                               build/stm32f4xx_hash.o
HASH_SHA1                                         build/stm32f4xx_hash_sha1.o
HASH_SaveContext                                  build/stm32f4xx_hash.o
HASH_SetLastWordValidBitsNbr                      build/stm32f4xx_hash.o
                                                  build/stm32f4xx_hash_sha1.o
                                                  build/stm32f4xx_hash_md5.o
HASH_StartDigest                                  build/stm32f4xx_hash.o
                                                  build/stm32f4xx_hash_sha1.o
                                                  build/stm32f4xx_hash_md5.o
HASH_StructInit                                   build/stm32f4xx_hash.o
HMAC_MD5                                          build/stm32f4xx_hash_md5.o
HMAC_SHA1                                         build/stm32f4xx_hash_sha1.o
HMC5883L_Init                                     build/HMC5883L.o
                                                  build/main.o
HMC5883L_Motify                                   build/IMU.o
HMC5883L_Read                                     build/HMC5883L.o
HMC5883L_SendData                                 build/HMC5883L.o
HMC5883L_Status                                   build/HMC5883L.o
HMC5883L_data                                     build/HMC5883L.o
                                                  build/main.o
                                                  build/IMU.o
HMC588CL_ReadData                                 build/HMC5883L.o
                                                  build/main.o
                                                  build/IMU.o
HardFault_Handler                                 build/stm32f4xx_it.o
I2C1_ER_IRQHandler                                build/startup_stm32f401xe.o
I2C1_EV_IRQHandler                                build/startup_stm32f401xe.o
I2C2_ER_IRQHandler                                build/startup_stm32f401xe.o
I2C2_EV_IRQHandler                                build/startup_stm32f401xe.o
I2C3_ER_IRQHandler                                build/startup_stm32f401xe.o
I2C3_EV_IRQHandler                                build/startup_stm32f401xe.o
I2CInit                                           build/i2c_soft.o
                                                  build/main.o
I2CReceiveByte                                    build/i2c_soft.o
                                                  build/MPU6050.o
                                                  build/HMC5883L.o
I2CSendAck                                        build/i2c_soft.o
                                                  build/MPU6050.o
                                                  build/HMC5883L.o
I2CSendByte                                       build/i2c_soft.o
                                                  build/MPU6050.o
                                                  build/HMC5883L.o
I2CSendNotAck                                     build/i2c_soft.o
                                                  build/MPU6050.o
                                                  build/HMC5883L.o
I2CStart                                          build/i2c_soft.o
                                                  build/MPU6050.o
                                                  build/HMC5883L.o
I2CStop                                           build/i2c_soft.o
                                                  build/MPU6050.o
                                                  build/HMC5883L.o
I2CWaitAck                                        build/i2c_soft.o
                                                  build/MPU6050.o
                                                  build/HMC5883L.o
I2C_ARPCmd                                        build/stm32f4xx_i2c.o
I2C_AcknowledgeConfig                             build/stm32f4xx_i2c.o
                                                  build/i2c.o
I2C_AnalogFilterCmd                               build/stm32f4xx_i2c.o
I2C_CalculatePEC                                  build/stm32f4xx_i2c.o
I2C_CheckEvent                                    build/stm32f4xx_i2c.o
                                                  build/i2c.o
I2C_ClearFlag                                     build/stm32f4xx_i2c.o
I2C_ClearITPendingBit                             build/stm32f4xx_i2c.o
I2C_Cmd                                           build/stm32f4xx_i2c.o
                                                  build/i2c.o
I2C_Configuration                                 build/i2c.o
I2C_DMACmd                                        build/stm32f4xx_i2c.o
I2C_DMALastTransferCmd                            build/stm32f4xx_i2c.o
I2C_DeInit                                        build/stm32f4xx_i2c.o
I2C_DigitalFilterConfig                           build/stm32f4xx_i2c.o
I2C_DualAddressCmd                                build/stm32f4xx_i2c.o
I2C_FastModeDutyCycleConfig                       build/stm32f4xx_i2c.o
I2C_GeneralCallCmd                                build/stm32f4xx_i2c.o
I2C_GenerateSTART                                 build/stm32f4xx_i2c.o
                                                  build/i2c.o
I2C_GenerateSTOP                                  build/stm32f4xx_i2c.o
                                                  build/i2c.o
I2C_GetFlagStatus                                 build/stm32f4xx_i2c.o
                                                  build/i2c.o
I2C_GetITStatus                                   build/stm32f4xx_i2c.o
I2C_GetLastEvent                                  build/stm32f4xx_i2c.o
I2C_GetPEC                                        build/stm32f4xx_i2c.o
I2C_ITConfig                                      build/stm32f4xx_i2c.o
I2C_Init                                          build/stm32f4xx_i2c.o
                                                  build/i2c.o
I2C_NACKPositionConfig                            build/stm32f4xx_i2c.o
I2C_OwnAddress2Config                             build/stm32f4xx_i2c.o
I2C_PECPositionConfig                             build/stm32f4xx_i2c.o
I2C_READ_BUFFER                                   build/i2c.o
I2C_READ_BYTE                                     build/i2c.o
                                                  build/HMC5883L.o
I2C_ReadRegister                                  build/stm32f4xx_i2c.o
I2C_ReceiveData                                   build/stm32f4xx_i2c.o
                                                  build/i2c.o
I2C_SEND_BUFFER                                   build/i2c.o
I2C_SEND_BYTE                                     build/i2c.o
I2C_SMBusAlertConfig                              build/stm32f4xx_i2c.o
I2C_Send7bitAddress                               build/stm32f4xx_i2c.o
                                                  build/i2c.o
I2C_SendData                                      build/stm32f4xx_i2c.o
                                                  build/i2c.o
I2C_SoftwareResetCmd                              build/stm32f4xx_i2c.o
I2C_StretchClockCmd                               build/stm32f4xx_i2c.o
I2C_StructInit                                    build/stm32f4xx_i2c.o
I2C_TransmitPEC                                   build/stm32f4xx_i2c.o